Component: Arm Compiler for Embedded 6.19 Tool: armlink [5e73cb00]

==============================================================================

Section Cross References

    startup_stm32f103xb.o(STACK) refers (Special) to heapauxi.o(.text) for __use_two_region_memory
    startup_stm32f103xb.o(HEAP) refers (Special) to heapauxi.o(.text) for __use_two_region_memory
    startup_stm32f103xb.o(RESET) refers (Special) to heapauxi.o(.text) for __use_two_region_memory
    startup_stm32f103xb.o(RESET) refers to startup_stm32f103xb.o(STACK) for __initial_sp
    startup_stm32f103xb.o(RESET) refers to startup_stm32f103xb.o(.text) for Reset_Handler
    startup_stm32f103xb.o(RESET) refers to stm32f103c8t6.o(.text.SysTick_Handler) for SysTick_Handler
    startup_stm32f103xb.o(RESET) refers to stm32f103c8t6.o(.text.TIM2_IRQHandler) for TIM2_IRQHandler
    startup_stm32f103xb.o(.text) refers (Special) to heapauxi.o(.text) for __use_two_region_memory
    startup_stm32f103xb.o(.text) refers to system_stm32f1xx.o(.text.SystemInit) for SystemInit
    startup_stm32f103xb.o(.text) refers to __main.o(!!!main) for __main
    startup_stm32f103xb.o(.text) refers to startup_stm32f103xb.o(HEAP) for Heap_Mem
    startup_stm32f103xb.o(.text) refers to startup_stm32f103xb.o(STACK) for Stack_Mem
    fonts.o(.text.FONTS_GetStringSize) refers to strlen.o(.text) for strlen
    fonts.o(.ARM.exidx.text.FONTS_GetStringSize) refers to fonts.o(.text.FONTS_GetStringSize) for [Anonymous Symbol]
    fonts.o(.data.Font_7x10) refers to fonts.o(.rodata.Font7x10) for Font7x10
    fonts.o(.data.Font_11x18) refers to fonts.o(.rodata.Font11x18) for Font11x18
    fonts.o(.data.Font_16x26) refers to fonts.o(.rodata.Font16x26) for Font16x26
    ssd1306.o(.text.SSD1306_DrawBitmap) refers to ssd1306.o(.bss.SSD1306_Buffer) for SSD1306_Buffer
    ssd1306.o(.ARM.exidx.text.SSD1306_DrawBitmap) refers to ssd1306.o(.text.SSD1306_DrawBitmap) for [Anonymous Symbol]
    ssd1306.o(.text.SSD1306_DrawPixel) refers to ssd1306.o(.bss.SSD1306_Buffer) for SSD1306_Buffer
    ssd1306.o(.ARM.exidx.text.SSD1306_DrawPixel) refers to ssd1306.o(.text.SSD1306_DrawPixel) for [Anonymous Symbol]
    ssd1306.o(.text.SSD1306_Init) refers to main.o(.bss.hi2c1) for hi2c1
    ssd1306.o(.text.SSD1306_Init) refers to i2c.o(.text.I2C_IsDeviceReady) for I2C_IsDeviceReady
    ssd1306.o(.text.SSD1306_Init) refers to i2c.o(.text.I2C_Master_Transmit) for I2C_Master_Transmit
    ssd1306.o(.text.SSD1306_Init) refers to ssd1306.o(.bss.SSD1306_Buffer) for SSD1306_Buffer
    ssd1306.o(.text.SSD1306_Init) refers to rt_memclr_w.o(.text) for __aeabi_memclr4
    ssd1306.o(.text.SSD1306_Init) refers to ssd1306.o(.text.SSD1306_UpdateScreen) for SSD1306_UpdateScreen
    ssd1306.o(.text.SSD1306_Init) refers to ssd1306.o(.bss..L_MergedGlobals) for .L_MergedGlobals
    ssd1306.o(.ARM.exidx.text.SSD1306_Init) refers to ssd1306.o(.text.SSD1306_Init) for [Anonymous Symbol]
    ssd1306.o(.text.ssd1306_I2C_Write) refers to main.o(.bss.hi2c1) for hi2c1
    ssd1306.o(.text.ssd1306_I2C_Write) refers to i2c.o(.text.I2C_Master_Transmit) for I2C_Master_Transmit
    ssd1306.o(.ARM.exidx.text.ssd1306_I2C_Write) refers to ssd1306.o(.text.ssd1306_I2C_Write) for [Anonymous Symbol]
    ssd1306.o(.text.SSD1306_Fill) refers to ssd1306.o(.bss.SSD1306_Buffer) for SSD1306_Buffer
    ssd1306.o(.text.SSD1306_Fill) refers to aeabi_memset4.o(.text) for __aeabi_memset4
    ssd1306.o(.ARM.exidx.text.SSD1306_Fill) refers to ssd1306.o(.text.SSD1306_Fill) for [Anonymous Symbol]
    ssd1306.o(.text.SSD1306_UpdateScreen) refers to main.o(.bss.hi2c1) for hi2c1
    ssd1306.o(.text.SSD1306_UpdateScreen) refers to ssd1306.o(.bss.SSD1306_Buffer) for SSD1306_Buffer
    ssd1306.o(.text.SSD1306_UpdateScreen) refers to i2c.o(.text.I2C_Master_Transmit) for I2C_Master_Transmit
    ssd1306.o(.text.SSD1306_UpdateScreen) refers to rt_memcpy_v6.o(.text) for __aeabi_memcpy
    ssd1306.o(.ARM.exidx.text.SSD1306_UpdateScreen) refers to ssd1306.o(.text.SSD1306_UpdateScreen) for [Anonymous Symbol]
    ssd1306.o(.text.ssd1306_I2C_WriteMulti) refers to main.o(.bss.hi2c1) for hi2c1
    ssd1306.o(.text.ssd1306_I2C_WriteMulti) refers to i2c.o(.text.I2C_Master_Transmit) for I2C_Master_Transmit
    ssd1306.o(.ARM.exidx.text.ssd1306_I2C_WriteMulti) refers to ssd1306.o(.text.ssd1306_I2C_WriteMulti) for [Anonymous Symbol]
    ssd1306.o(.text.SSD1306_GotoXY) refers to ssd1306.o(.bss..L_MergedGlobals) for .L_MergedGlobals
    ssd1306.o(.ARM.exidx.text.SSD1306_GotoXY) refers to ssd1306.o(.text.SSD1306_GotoXY) for [Anonymous Symbol]
    ssd1306.o(.text.SSD1306_Putc) refers to ssd1306.o(.bss..L_MergedGlobals) for .L_MergedGlobals
    ssd1306.o(.text.SSD1306_Putc) refers to ssd1306.o(.bss.SSD1306_Buffer) for SSD1306_Buffer
    ssd1306.o(.ARM.exidx.text.SSD1306_Putc) refers to ssd1306.o(.text.SSD1306_Putc) for [Anonymous Symbol]
    ssd1306.o(.text.SSD1306_Puts) refers to ssd1306.o(.text.SSD1306_Putc) for SSD1306_Putc
[...]
    Removing ssd1306.o(.text.SSD1306_DrawPixel), (66 bytes).
    Removing ssd1306.o(.ARM.exidx.text.SSD1306_DrawPixel), (8 bytes).
    Removing ssd1306.o(.ARM.exidx.text.SSD1306_Init), (8 bytes).
    Removing ssd1306.o(.text.ssd1306_I2C_Write), (46 bytes).
    Removing ssd1306.o(.ARM.exidx.text.ssd1306_I2C_Write), (8 bytes).
    Removing ssd1306.o(.text.SSD1306_Fill), (28 bytes).
    Removing ssd1306.o(.ARM.exidx.text.SSD1306_Fill), (8 bytes).
    Removing ssd1306.o(.ARM.exidx.text.SSD1306_UpdateScreen), (8 bytes).
    Removing ssd1306.o(.text.ssd1306_I2C_WriteMulti), (122 bytes).
    Removing ssd1306.o(.ARM.exidx.text.ssd1306_I2C_WriteMulti), (8 bytes).
    Removing ssd1306.o(.ARM.exidx.text.SSD1306_GotoXY), (8 bytes).
    Removing ssd1306.o(.ARM.exidx.text.SSD1306_Putc), (8 bytes).
    Removing ssd1306.o(.ARM.exidx.text.SSD1306_Puts), (8 bytes).
    Removing ssd1306.o(.ARM.exidx.text.SSD1306_Clear), (8 bytes).
    Removing ssd1306.o(.text.SSD1306_ON), (88 bytes).
    Removing ssd1306.o(.ARM.exidx.text.SSD1306_ON), (8 bytes).
    Removing ssd1306.o(.text.SSD1306_OFF), (88 bytes).
    Removing ssd1306.o(.ARM.exidx.text.SSD1306_OFF), (8 bytes).
    Removing ssd1306.o(.text.ssd1306_I2C_Init), (2 bytes).
    Removing ssd1306.o(.ARM.exidx.text.ssd1306_I2C_Init), (8 bytes).
    Removing mpu6050.o(.text), (0 bytes).
    Removing mpu6050.o(.ARM.exidx.text.MPU6050_Init), (8 bytes).
    Removing mpu6050.o(.ARM.exidx.text.MPU6050_Read_Accel), (8 bytes).
    Removing mpu6050.o(.rodata.i2c_timeout), (2 bytes).
    Removing mpu6050.o(.bss.timer), (4 bytes).
    Removing filter.o(.text), (0 bytes).
    Removing filter.o(.ARM.exidx.text.KalmanFilter_init), (8 bytes).
    Removing filter.o(.ARM.exidx.text.KalmanFilter_updateEstimate), (8 bytes).
    Removing main.o(.text), (0 bytes).
    Removing main.o(.text.ledWrite), (70 bytes).
    Removing main.o(.ARM.exidx.text.ledWrite), (8 bytes).
    Removing main.o(.text.led_write), (48 bytes).
    Removing main.o(.ARM.exidx.text.led_write), (8 bytes).
    Removing main.o(.text.preProcessing), (80 bytes).
    Removing main.o(.ARM.exidx.text.preProcessing), (8 bytes).
    Removing main.o(.text.CalculateMean), (220 bytes).
    Removing main.o(.ARM.exidx.text.CalculateMean), (8 bytes).
    Removing main.o(.text.CalculateSampleVariane), (580 bytes).
    Removing main.o(.ARM.exidx.text.CalculateSampleVariane), (8 bytes).
    Removing main.o(.text.GetSampleStandardDeviation), (576 bytes).
    Removing main.o(.ARM.exidx.text.GetSampleStandardDeviation), (8 bytes).
    Removing main.o(.ARM.exidx.text.main), (8 bytes).
    Removing main.o(.text.SystemClock_Config), (76 bytes).
    Removing main.o(.ARM.exidx.text.SystemClock_Config), (8 bytes).
    Removing main.o(.text.Error_Handler), (6 bytes).
    Removing main.o(.ARM.exidx.text.Error_Handler), (8 bytes).
    Removing main.o(.bss.stand), (1 bytes).
    Removing main.o(.bss.check), (1 bytes).
    Removing main.o(.bss.ready), (1 bytes).
    Removing main.o(.bss.mag_sample_var), (8 bytes).
    Removing main.o(.ARM.use_no_argv), (4 bytes).
    Removing gpio.o(.text), (0 bytes).
    Removing gpio.o(.ARM.exidx.text.GPIO_Init), (8 bytes).
    Removing gpio.o(.ARM.exidx.text.GPIO_ReadPin), (8 bytes).
    Removing gpio.o(.ARM.exidx.text.GPIO_WritePin), (8 bytes).
    Removing gpio.o(.ARM.exidx.text.GPIO_TogglePin), (8 bytes).
    Removing i2c.o(.text), (0 bytes).
    Removing i2c.o(.text.I2C_GET_FLAG), (32 bytes).
    Removing i2c.o(.ARM.exidx.text.I2C_GET_FLAG), (8 bytes).
    Removing i2c.o(.text.I2C_CLEAR_FLAG), (16 bytes).
    Removing i2c.o(.ARM.exidx.text.I2C_CLEAR_FLAG), (8 bytes).
    Removing i2c.o(.text.I2C_ENABLE), (12 bytes).
    Removing i2c.o(.ARM.exidx.text.I2C_ENABLE), (8 bytes).
    Removing i2c.o(.text.I2C_DISABLE), (12 bytes).
    Removing i2c.o(.ARM.exidx.text.I2C_DISABLE), (8 bytes).
    Removing i2c.o(.text.I2C_CLEAR_ADDRFLAG), (22 bytes).
    Removing i2c.o(.ARM.exidx.text.I2C_CLEAR_ADDRFLAG), (8 bytes).
    Removing i2c.o(.ARM.exidx.text.I2C_IsDeviceReady), (8 bytes).
    Removing i2c.o(.ARM.exidx.text.I2C_Init), (8 bytes).
    Removing i2c.o(.ARM.exidx.text.I2C_Mem_Read), (8 bytes).
    Removing i2c.o(.ARM.exidx.text.I2C_Mem_Write), (8 bytes).
    Removing i2c.o(.ARM.exidx.text.I2C_Master_Transmit), (8 bytes).
    Removing i2c.o(.ARM.exidx.text.I2C_WaitOnMasterAddressFlagUntilTimeout), (8 bytes).
    Removing rcc.o(.text), (0 bytes).
    Removing rcc.o(.text.RCC_GetSysClockFreq), (86 bytes).
    Removing rcc.o(.ARM.exidx.text.RCC_GetSysClockFreq), (8 bytes).
    Removing rcc.o(.ARM.exidx.text.RCC_GPIOD_CLK_ENABLE), (8 bytes).
    Removing rcc.o(.ARM.exidx.text.RCC_GPIOB_CLK_ENABLE), (8 bytes).
    Removing rcc.o(.ARM.exidx.text.RCC_GPIOA_CLK_ENABLE), (8 bytes).
    Removing rcc.o(.ARM.exidx.text.RCC_TIM2_CLK_ENABLE), (8 bytes).
    Removing rcc.o(.ARM.exidx.text.RCC_AFIO_CLK_ENABLE), (8 bytes).
    Removing rcc.o(.ARM.exidx.text.RCC_I2C1_CLK_ENABLE), (8 bytes).
    Removing rcc.o(.ARM.exidx.text.AFIO_REMAP_SWJ_NOJTAG), (8 bytes).
    Removing rcc.o(.text.RCC_GetHCLKFreq), (12 bytes).
    Removing rcc.o(.ARM.exidx.text.RCC_GetHCLKFreq), (8 bytes).
    Removing rcc.o(.ARM.exidx.text.RCC_GetPCLK1Freq), (8 bytes).
    Removing rcc.o(.text.RCC_LSE_CONFIG), (54 bytes).
    Removing rcc.o(.ARM.exidx.text.RCC_LSE_CONFIG), (8 bytes).
    Removing rcc.o(.text.RCC_HSE_CONFIG), (58 bytes).
    Removing rcc.o(.ARM.exidx.text.RCC_HSE_CONFIG), (8 bytes).
    Removing rcc.o(.ARM.exidx.text.RCC_OscConfig), (8 bytes).
    Removing rcc.o(.ARM.exidx.text.RCC_ClockConfig), (8 bytes).
    Removing stm32f103c8t6.o(.text), (0 bytes).
    Removing stm32f103c8t6.o(.text.IncTick), (26 bytes).
    Removing stm32f103c8t6.o(.ARM.exidx.text.IncTick), (8 bytes).
    Removing stm32f103c8t6.o(.ARM.exidx.text.Delay), (8 bytes).
    Removing stm32f103c8t6.o(.ARM.exidx.text.GetTick), (8 bytes).
    Removing stm32f103c8t6.o(.text.SetPriority), (86 bytes).
    Removing stm32f103c8t6.o(.ARM.exidx.text.SetPriority), (8 bytes).
    Removing stm32f103c8t6.o(.text.SYSTICK_Config), (44 bytes).
    Removing stm32f103c8t6.o(.ARM.exidx.text.SYSTICK_Config), (8 bytes).
    Removing stm32f103c8t6.o(.ARM.exidx.text.InitTick), (8 bytes).
    Removing stm32f103c8t6.o(.ARM.exidx.text.SysTick_Handler), (8 bytes).
    Removing stm32f103c8t6.o(.ARM.exidx.text.TIM2_IRQHandler), (8 bytes).
    Removing stm32f103c8t6.o(.text.MspInit), (44 bytes).
    Removing stm32f103c8t6.o(.ARM.exidx.text.MspInit), (8 bytes).
    Removing stm32f103c8t6.o(.ARM.exidx.text.I2C_MspInit), (8 bytes).
    Removing stm32f103c8t6.o(.ARM.exidx.text.Init), (8 bytes).
    Removing tim2.o(.text), (0 bytes).
    Removing tim2.o(.text.TIM_DISABLE), (38 bytes).
    Removing tim2.o(.ARM.exidx.text.TIM_DISABLE), (8 bytes).
    Removing tim2.o(.text.TIM_ENABLE), (12 bytes).
    Removing tim2.o(.ARM.exidx.text.TIM_ENABLE), (8 bytes).
    Removing tim2.o(.text.TIM_Base_MspInit), (32 bytes).
    Removing tim2.o(.ARM.exidx.text.TIM_Base_MspInit), (8 bytes).
    Removing tim2.o(.ARM.exidx.text.TIM_IRQHandler), (8 bytes).
    Removing tim2.o(.text.TIM_Base_SetConfig), (52 bytes).
    Removing tim2.o(.ARM.exidx.text.TIM_Base_SetConfig), (8 bytes).
    Removing tim2.o(.ARM.exidx.text.TIM_Base_Init), (8 bytes).
    Removing tim2.o(.ARM.exidx.text.TIM_Base_Start_IT), (8 bytes).
    Removing tim2.o(.ARM.exidx.text.TIM_Base_Stop_IT), (8 bytes).
    Removing system_stm32f1xx.o(.text), (0 bytes).
    Removing system_stm32f1xx.o(.ARM.exidx.text.SystemInit), (8 bytes).
    Removing system_stm32f1xx.o(.text.SystemCoreClockUpdate), (112 bytes).
    Removing system_stm32f1xx.o(.ARM.exidx.text.SystemCoreClockUpdate), (8 bytes).

133 unused section(s) (total 9315 bytes) removed from the image.

==============================================================================

Image Symbol Table

    Local Symbols

    Symbol Name                              Value     Ov Type        Size  Object(Section)

    ../clib/angel/boardlib.s                 0x00000000   Number         0  boardinit1.o ABSOLUTE
    ../clib/angel/boardlib.s                 0x00000000   Number         0  boardinit2.o ABSOLUTE
    ../clib/angel/boardlib.s                 0x00000000   Number         0  boardinit3.o ABSOLUTE
    ../clib/angel/boardlib.s                 0x00000000   Number         0  boardshut.o ABSOLUTE
    ../clib/angel/handlers.s                 0x00000000   Number         0  __scatter_copy.o ABSOLUTE
    ../clib/angel/handlers.s                 0x00000000   Number         0  __scatter_zi.o ABSOLUTE
    ../clib/angel/kernel.s                   0x00000000   Number         0  __rtentry.o ABSOLUTE
    ../clib/angel/kernel.s                   0x00000000   Number         0  __rtentry2.o ABSOLUTE
    ../clib/angel/kernel.s                   0x00000000   Number         0  __rtentry4.o ABSOLUTE
    ../clib/angel/kernel.s                   0x00000000   Number         0  rtexit.o ABSOLUTE
    ../clib/angel/kernel.s                   0x00000000   Number         0  rtexit2.o ABSOLUTE
    ../clib/angel/rt.s                       0x00000000   Number         0  rt_errno_addr.o ABSOLUTE
    ../clib/angel/rt.s                       0x00000000   Number         0  rt_errno_addr_intlibspace.o ABSOLUTE
    ../clib/angel/rt.s                       0x00000000   Number         0  rt_raise.o ABSOLUTE
    ../clib/angel/scatter.s                  0x00000000   Number         0  __scatter.o ABSOLUTE
    ../clib/angel/startup.s                  0x00000000   Number         0  __main.o ABSOLUTE
    ../clib/angel/sys.s                      0x00000000   Number         0  libspace.o ABSOLUTE
    ../clib/angel/sys.s                      0x00000000   Number         0  sys_stackheap_outer.o ABSOLUTE
    ../clib/angel/sys.s                      0x00000000   Number         0  use_no_semi.o ABSOLUTE
    ../clib/angel/sys.s                      0x00000000   Number         0  indicate_semi.o ABSOLUTE
    ../clib/angel/sysapp.c                   0x00000000   Number         0  sys_exit.o ABSOLUTE
    ../clib/angel/sysapp.c                   0x00000000   Number         0  sys_exit_hlt.o ABSOLUTE
    ../clib/angel/sysapp.c                   0x00000000   Number         0  sys_command.o ABSOLUTE
    ../clib/angel/sysapp.c                   0x00000000   Number         0  sys_command_hlt.o ABSOLUTE
    ../clib/angel/sysapp.c                   0x00000000   Number         0  sys_wrch.o ABSOLUTE
    ../clib/angel/sysapp.c                   0x00000000   Number         0  sys_wrch_hlt.o ABSOLUTE
    ../clib/armsys.c                         0x00000000   Number         0  argv_veneer.o ABSOLUTE
    ../clib/armsys.c                         0x00000000   Number         0  argv_veneer.o ABSOLUTE
    ../clib/armsys.c                         0x00000000   Number         0  _get_argv_nomalloc.o ABSOLUTE
    ../clib/armsys.c                         0x00000000   Number         0  no_argv.o ABSOLUTE
    ../clib/fenv.c                           0x00000000   Number         0  _rserrno.o ABSOLUTE
    ../clib/heapalloc.c                      0x00000000   Number         0  hrguard.o ABSOLUTE
    ../clib/heapaux.c                        0x00000000   Number         0  heapauxi.o ABSOLUTE
    ../clib/libinit.s                        0x00000000   Number         0  libinit.o ABSOLUTE
    ../clib/libinit.s                        0x00000000   Number         0  libinit2.o ABSOLUTE
    ../clib/libinit.s                        0x00000000   Number         0  libshutdown.o ABSOLUTE
    ../clib/libinit.s                        0x00000000   Number         0  libshutdown2.o ABSOLUTE
    ../clib/memcpset.s                       0x00000000   Number         0  rt_memcpy_v6.o ABSOLUTE
    ../clib/memcpset.s                       0x00000000   Number         0  aeabi_memset4.o ABSOLUTE
    ../clib/memcpset.s                       0x00000000   Number         0  rt_memclr_w.o ABSOLUTE
    ../clib/memcpset.s                       0x00000000   Number         0  rt_memcpy_w.o ABSOLUTE
    ../clib/printf.c                         0x00000000   Number         0  __2sprintf.o ABSOLUTE
    ../clib/printf.c                         0x00000000   Number         0  noretval__2sprintf.o ABSOLUTE
    ../clib/printf.c                         0x00000000   Number         0  __printf.o ABSOLUTE
    ../clib/printf.c                         0x00000000   Number         0  _printf_dec.o ABSOLUTE
    ../clib/printf.c                         0x00000000   Number         0  __printf_flags.o ABSOLUTE
    ../clib/printf.c                         0x00000000   Number         0  __printf_ss.o ABSOLUTE
    ../clib/printf.c                         0x00000000   Number         0  __printf_flags_ss.o ABSOLUTE
    ../clib/printf.c                         0x00000000   Number         0  __printf_wp.o ABSOLUTE
    ../clib/printf.c                         0x00000000   Number         0  __printf_flags_wp.o ABSOLUTE
    ../clib/printf.c                         0x00000000   Number         0  __printf_ss_wp.o ABSOLUTE
    ../clib/printf.c                         0x00000000   Number         0  __printf_flags_ss_wp.o ABSOLUTE
    ../clib/printf.c                         0x00000000   Number         0  _printf_intcommon.o ABSOLUTE
    ../clib/printf.c                         0x00000000   Number         0  _printf_char_common.o ABSOLUTE
    ../clib/printf.c                         0x00000000   Number         0  _sputc.o ABSOLUTE
    ../clib/printf.c                         0x00000000   Number         0  __printf_nopercent.o ABSOLUTE
    ../clib/printf_percent.s                 0x00000000   Number         0  _printf_d.o ABSOLUTE
    ../clib/printf_percent.s                 0x00000000   Number         0  _printf_percent.o ABSOLUTE
    ../clib/printf_percent.s                 0x00000000   Number         0  _printf_percent_end.o ABSOLUTE
    ../clib/signal.c                         0x00000000   Number         0  defsig_rtmem_outer.o ABSOLUTE
    ../clib/signal.c                         0x00000000   Number         0  defsig_rtmem_formal.o ABSOLUTE
    ../clib/signal.c                         0x00000000   Number         0  defsig_exit.o ABSOLUTE
    ../clib/signal.c                         0x00000000   Number         0  defsig_rtmem_inner.o ABSOLUTE
    ../clib/signal.c                         0x00000000   Number         0  __raise.o ABSOLUTE
    ../clib/signal.c                         0x00000000   Number         0  defsig_general.o ABSOLUTE
    ../clib/signal.c                         0x00000000   Number         0  defsig_abrt_inner.o ABSOLUTE
    ../clib/signal.c                         0x00000000   Number         0  defsig_fpe_inner.o ABSOLUTE
    ../clib/signal.c                         0x00000000   Number         0  defsig_rtred_inner.o ABSOLUTE
    ../clib/signal.c                         0x00000000   Number         0  defsig_stak_inner.o ABSOLUTE
    ../clib/signal.c                         0x00000000   Number         0  defsig_pvfn_inner.o ABSOLUTE
    ../clib/signal.c                         0x00000000   Number         0  defsig_cppl_inner.o ABSOLUTE
    ../clib/signal.c                         0x00000000   Number         0  defsig_segv_inner.o ABSOLUTE
    ../clib/signal.c                         0x00000000   Number         0  defsig_other.o ABSOLUTE
    ../clib/signal.s                         0x00000000   Number         0  defsig.o ABSOLUTE
    ../clib/stdlib.c                         0x00000000   Number         0  exit.o ABSOLUTE
    ../clib/string.c                         0x00000000   Number         0  strlen.o ABSOLUTE
    ../fplib/d2f.s                           0x00000000   Number         0  d2f.o ABSOLUTE
    ../fplib/daddsub.s                       0x00000000   Number         0  daddsub_clz.o ABSOLUTE
    ../fplib/dcmp.s                          0x00000000   Number         0  dcmp.o ABSOLUTE
    ../fplib/dcmpi.s                         0x00000000   Number         0  dcmpi.o ABSOLUTE
    ../fplib/ddiv.s                          0x00000000   Number         0  ddiv.o ABSOLUTE
    ../fplib/deqf.s                          0x00000000   Number         0  deqf.o ABSOLUTE
    ../fplib/dflt.s                          0x00000000   Number         0  dflt_clz.o ABSOLUTE
    ../fplib/dgeqf.s                         0x00000000   Number         0  dgeqf.o ABSOLUTE
    ../fplib/dleqf.s                         0x00000000   Number         0  dleqf.o ABSOLUTE
    ../fplib/dmul.s                          0x00000000   Number         0  dmul.o ABSOLUTE
    ../fplib/dnaninf.s                       0x00000000   Number         0  dnaninf.o ABSOLUTE
    ../fplib/dretinf.s                       0x00000000   Number         0  dretinf.o ABSOLUTE
    ../fplib/dsqrt.s                         0x00000000   Number         0  dsqrt_noumaal.o ABSOLUTE
    ../fplib/f2d.s                           0x00000000   Number         0  f2d.o ABSOLUTE
    ../fplib/faddsub.s                       0x00000000   Number         0  faddsub_clz.o ABSOLUTE
    ../fplib/fdiv.s                          0x00000000   Number         0  fdiv.o ABSOLUTE
    ../fplib/fmul.s                          0x00000000   Number         0  fmul.o ABSOLUTE
    ../fplib/fnaninf.s                       0x00000000   Number         0  fnaninf.o ABSOLUTE
    ../fplib/fpinit.s                        0x00000000   Number         0  fpinit.o ABSOLUTE
    ../fplib/fpinit_empty.s                  0x00000000   Number         0  fpinit_empty.o ABSOLUTE
    ../fplib/fretinf.s                       0x00000000   Number         0  fretinf.o ABSOLUTE
    ../fplib/usenofp.s                       0x00000000   Number         0  usenofp.o ABSOLUTE
    ../mathlib/sqrt.c                        0x00000000   Number         0  sqrt.o ABSOLUTE
    dc.s                                     0x00000000   Number         0  dc.o ABSOLUTE
    filter.c                                 0x00000000   Number         0  filter.o ABSOLUTE
    fonts.c                                  0x00000000   Number         0  fonts.o ABSOLUTE
    gpio.c                                   0x00000000   Number         0  gpio.o ABSOLUTE
    i2c.c                                    0x00000000   Number         0  i2c.o ABSOLUTE
    main.c                                   0x00000000   Number         0  main.o ABSOLUTE
    mpu6050.c                                0x00000000   Number         0  mpu6050.o ABSOLUTE
    rcc.c                                    0x00000000   Number         0  rcc.o ABSOLUTE
    ssd1306.c                                0x00000000   Number         0  ssd1306.o ABSOLUTE
    startup_stm32f103xb.s                    0x00000000   Number         0  startup_stm32f103xb.o ABSOLUTE
    stm32f103c8t6.c                          0x00000000   Number         0  stm32f103c8t6.o ABSOLUTE
    system_stm32f1xx.c                       0x00000000   Number         0  system_stm32f1xx.o ABSOLUTE
    tim2.c                                   0x00000000   Number         0  tim2.o ABSOLUTE
    RESET                                    0x08000000   Section      236  startup_stm32f103xb.o(RESET)
    !!!main                                  0x080000ec   Section        8  __main.o(!!!main)
    !!!scatter                               0x080000f4   Section       52  __scatter.o(!!!scatter)
    !!handler_copy                           0x08000128   Section       26  __scatter_copy.o(!!handler_copy)
    !!handler_zi                             0x08000144   Section       28  __scatter_zi.o(!!handler_zi)
    .ARM.Collect$$_printf_percent$$00000000  0x08000160   Section        0  _printf_percent.o(.ARM.Collect$$_printf_percent$$00000000)
    .ARM.Collect$$_printf_percent$$00000009  0x08000160   Section        6  _printf_d.o(.ARM.Collect$$_printf_percent$$00000009)
    .ARM.Collect$$_printf_percent$$00000017  0x08000166   Section        4  _printf_percent_end.o(.ARM.Collect$$_printf_percent$$00000017)
    .ARM.Collect$$libinit$$00000000          0x0800016a   Section        2  libinit.o(.ARM.Collect$$libinit$$00000000)
    .ARM.Collect$$libinit$$00000002          0x0800016c   Section        0  libinit2.o(.ARM.Collect$$libinit$$00000002)
    .ARM.Collect$$libinit$$00000004          0x0800016c   Section        0  libinit2.o(.ARM.Collect$$libinit$$00000004)
    .ARM.Collect$$libinit$$00000006          0x0800016c   Section        0  libinit2.o(.ARM.Collect$$libinit$$00000006)
    .ARM.Collect$$libinit$$0000000C          0x0800016c   Section        0  libinit2.o(.ARM.Collect$$libinit$$0000000C)
    .ARM.Collect$$libinit$$0000000E          0x0800016c   Section        0  libinit2.o(.ARM.Collect$$libinit$$0000000E)
    .ARM.Collect$$libinit$$00000010          0x0800016c   Section        0  libinit2.o(.ARM.Collect$$libinit$$00000010)
    .ARM.Collect$$libinit$$00000013          0x0800016c   Section        0  libinit2.o(.ARM.Collect$$libinit$$00000013)
    .ARM.Collect$$libinit$$00000015          0x0800016c   Section        0  libinit2.o(.ARM.Collect$$libinit$$00000015)
    .ARM.Collect$$libinit$$00000017          0x0800016c   Section        0  libinit2.o(.ARM.Collect$$libinit$$00000017)
    .ARM.Collect$$libinit$$00000019          0x0800016c   Section        0  libinit2.o(.ARM.Collect$$libinit$$00000019)
    .ARM.Collect$$libinit$$0000001B          0x0800016c   Section        0  libinit2.o(.ARM.Collect$$libinit$$0000001B)
    .ARM.Collect$$libinit$$0000001D          0x0800016c   Section        0  libinit2.o(.ARM.Collect$$libinit$$0000001D)
    .ARM.Collect$$libinit$$0000001F          0x0800016c   Section        0  libinit2.o(.ARM.Collect$$libinit$$0000001F)
    .ARM.Collect$$libinit$$00000021          0x0800016c   Section        0  libinit2.o(.ARM.Collect$$libinit$$00000021)
    .ARM.Collect$$libinit$$00000023          0x0800016c   Section        0  libinit2.o(.ARM.Collect$$libinit$$00000023)
    .ARM.Collect$$libinit$$00000025          0x0800016c   Section        0  libinit2.o(.ARM.Collect$$libinit$$00000025)
    .ARM.Collect$$libinit$$00000027          0x0800016c   Section        0  libinit2.o(.ARM.Collect$$libinit$$00000027)
    .ARM.Collect$$libinit$$0000002E          0x0800016c   Section        0  libinit2.o(.ARM.Collect$$libinit$$0000002E)
    .ARM.Collect$$libinit$$00000030          0x0800016c   Section        0  libinit2.o(.ARM.Collect$$libinit$$00000030)
    .ARM.Collect$$libinit$$00000032          0x0800016c   Section        0  libinit2.o(.ARM.Collect$$libinit$$00000032)
    .ARM.Collect$$libinit$$00000034          0x0800016c   Section        0  libinit2.o(.ARM.Collect$$libinit$$00000034)
    .ARM.Collect$$libinit$$00000035          0x0800016c   Section        2  libinit2.o(.ARM.Collect$$libinit$$00000035)
    .ARM.Collect$$libshutdown$$00000000      0x0800016e   Section        2  libshutdown.o(.ARM.Collect$$libshutdown$$00000000)
    .ARM.Collect$$libshutdown$$00000002      0x08000170   Section        0  libshutdown2.o(.ARM.Collect$$libshutdown$$00000002)
    .ARM.Collect$$libshutdown$$00000004      0x08000170   Section        0  libshutdown2.o(.ARM.Collect$$libshutdown$$00000004)
    .ARM.Collect$$libshutdown$$00000007      0x08000170   Section        0  libshutdown2.o(.ARM.Collect$$libshutdown$$00000007)
    .ARM.Collect$$libshutdown$$0000000A      0x08000170   Section        0  libshutdown2.o(.ARM.Collect$$libshutdown$$0000000A)
    .ARM.Collect$$libshutdown$$0000000C      0x08000170   Section        0  libshutdown2.o(.ARM.Collect$$libshutdown$$0000000C)
    .ARM.Collect$$libshutdown$$0000000F      0x08000170   Section        0  libshutdown2.o(.ARM.Collect$$libshutdown$$0000000F)
    .ARM.Collect$$libshutdown$$00000010      0x08000170   Section        2  libshutdown2.o(.ARM.Collect$$libshutdown$$00000010)
    .ARM.Collect$$rtentry$$00000000          0x08000172   Section        0  __rtentry.o(.ARM.Collect$$rtentry$$00000000)
    .ARM.Collect$$rtentry$$00000002          0x08000172   Section        0  __rtentry2.o(.ARM.Collect$$rtentry$$00000002)
    .ARM.Collect$$rtentry$$00000004          0x08000172   Section        6  __rtentry4.o(.ARM.Collect$$rtentry$$00000004)
    .ARM.Collect$$rtentry$$00000009          0x08000178   Section        0  __rtentry2.o(.ARM.Collect$$rtentry$$00000009)
    .ARM.Collect$$rtentry$$0000000A          0x08000178   Section        4  __rtentry2.o(.ARM.Collect$$rtentry$$0000000A)
    .ARM.Collect$$rtentry$$0000000C          0x0800017c   Section        0  __rtentry2.o(.ARM.Collect$$rtentry$$0000000C)
    .ARM.Collect$$rtentry$$0000000D          0x0800017c   Section        8  __rtentry2.o(.ARM.Collect$$rtentry$$0000000D)
    .ARM.Collect$$rtexit$$00000000           0x08000184   Section        2  rtexit.o(.ARM.Collect$$rtexit$$00000000)
    .ARM.Collect$$rtexit$$00000002           0x08000186   Section        0  rtexit2.o(.ARM.Collect$$rtexit$$00000002)
    .ARM.Collect$$rtexit$$00000003           0x08000186   Section        4  rtexit2.o(.ARM.Collect$$rtexit$$00000003)
    .ARM.Collect$$rtexit$$00000004           0x0800018a   Section        6  rtexit2.o(.ARM.Collect$$rtexit$$00000004)
    .text                                    0x08000190   Section       64  startup_stm32f103xb.o(.text)
    .text                                    0x080001d0   Section        0  noretval__2sprintf.o(.text)
    .text                                    0x080001f8   Section        0  __printf.o(.text)
    .text                                    0x08000260   Section        0  _printf_dec.o(.text)
    .text                                    0x080002d8   Section      138  rt_memcpy_v6.o(.text)
    .text                                    0x08000362   Section       78  rt_memclr_w.o(.text)
    .text                                    0x080003b0   Section        0  heapauxi.o(.text)
    .text                                    0x080003b6   Section        0  _rserrno.o(.text)
    .text                                    0x080003cc   Section        0  _printf_intcommon.o(.text)
    _printf_input_char                       0x08000481   Thumb Code    10  _printf_char_common.o(.text)
    .text                                    0x08000480   Section        0  _printf_char_common.o(.text)
    .text                                    0x080004b0   Section        0  _sputc.o(.text)
    .text                                    0x080004ba   Section      100  rt_memcpy_w.o(.text)
    .text                                    0x08000520   Section        8  rt_errno_addr_intlibspace.o(.text)
    .text                                    0x08000528   Section        8  libspace.o(.text)
    .text                                    0x08000530   Section       74  sys_stackheap_outer.o(.text)
    .text                                    0x0800057a   Section        0  exit.o(.text)
    .text                                    0x0800058c   Section        0  sys_exit.o(.text)
    .text                                    0x08000598   Section        2  use_no_semi.o(.text)
    .text                                    0x0800059a   Section        0  indicate_semi.o(.text)
    [Anonymous Symbol]                       0x0800059c   Section        0  rcc.o(.text.AFIO_REMAP_SWJ_NOJTAG)
    [Anonymous Symbol]                       0x080005b0   Section        0  stm32f103c8t6.o(.text.Delay)
    [Anonymous Symbol]                       0x080005f4   Section        0  gpio.o(.text.GPIO_Init)
    [Anonymous Symbol]                       0x080007f8   Section        0  gpio.o(.text.GPIO_ReadPin)
    [Anonymous Symbol]                       0x08000804   Section        0  gpio.o(.text.GPIO_TogglePin)
    [Anonymous Symbol]                       0x08000814   Section        0  gpio.o(.text.GPIO_WritePin)
    [Anonymous Symbol]                       0x08000820   Section        0  stm32f103c8t6.o(.text.GetTick)
    [Anonymous Symbol]                       0x0800082c   Section        0  i2c.o(.text.I2C_Init)
    [Anonymous Symbol]                       0x08000964   Section        0  i2c.o(.text.I2C_IsDeviceReady)
    [Anonymous Symbol]                       0x08000b84   Section        0  i2c.o(.text.I2C_Master_Transmit)
    [Anonymous Symbol]                       0x08000ff4   Section        0  i2c.o(.text.I2C_Mem_Read)
    [Anonymous Symbol]                       0x08001760   Section        0  i2c.o(.text.I2C_Mem_Write)
    [Anonymous Symbol]                       0x08001ba0   Section        0  stm32f103c8t6.o(.text.I2C_MspInit)
    I2C_WaitOnMasterAddressFlagUntilTimeout  0x08001be1   Thumb Code   240  i2c.o(.text.I2C_WaitOnMasterAddressFlagUntilTimeout)
    [Anonymous Symbol]                       0x08001be0   Section        0  i2c.o(.text.I2C_WaitOnMasterAddressFlagUntilTimeout)
    [Anonymous Symbol]                       0x08001cd0   Section        0  stm32f103c8t6.o(.text.Init)
    [Anonymous Symbol]                       0x08001d44   Section        0  stm32f103c8t6.o(.text.InitTick)
    [Anonymous Symbol]                       0x08001d90   Section        0  filter.o(.text.KalmanFilter_init)
    [Anonymous Symbol]                       0x08001d94   Section        0  filter.o(.text.KalmanFilter_updateEstimate)
    [Anonymous Symbol]                       0x08001e44   Section        0  mpu6050.o(.text.MPU6050_Init)
    [Anonymous Symbol]                       0x08001edc   Section        0  mpu6050.o(.text.MPU6050_Read_Accel)
    [Anonymous Symbol]                       0x08001f40   Section        0  rcc.o(.text.RCC_AFIO_CLK_ENABLE)
    [Anonymous Symbol]                       0x08001f60   Section        0  rcc.o(.text.RCC_ClockConfig)
    [Anonymous Symbol]                       0x0800209c   Section        0  rcc.o(.text.RCC_GPIOA_CLK_ENABLE)
    [Anonymous Symbol]                       0x080020bc   Section        0  rcc.o(.text.RCC_GPIOB_CLK_ENABLE)
    [Anonymous Symbol]                       0x080020dc   Section        0  rcc.o(.text.RCC_GPIOD_CLK_ENABLE)
    [Anonymous Symbol]                       0x080020fc   Section        0  rcc.o(.text.RCC_GetPCLK1Freq)
    [Anonymous Symbol]                       0x08002124   Section        0  rcc.o(.text.RCC_I2C1_CLK_ENABLE)
    [Anonymous Symbol]                       0x08002144   Section        0  rcc.o(.text.RCC_OscConfig)
    [Anonymous Symbol]                       0x080024f0   Section        0  rcc.o(.text.RCC_TIM2_CLK_ENABLE)
    [Anonymous Symbol]                       0x08002510   Section        0  ssd1306.o(.text.SSD1306_Clear)
    [Anonymous Symbol]                       0x0800252c   Section        0  ssd1306.o(.text.SSD1306_GotoXY)
    [Anonymous Symbol]                       0x0800253c   Section        0  ssd1306.o(.text.SSD1306_Init)
    [Anonymous Symbol]                       0x08002840   Section        0  ssd1306.o(.text.SSD1306_Putc)
    [Anonymous Symbol]                       0x08002944   Section        0  ssd1306.o(.text.SSD1306_Puts)
    [Anonymous Symbol]                       0x08002974   Section        0  ssd1306.o(.text.SSD1306_UpdateScreen)
    [Anonymous Symbol]                       0x08002a14   Section        0  stm32f103c8t6.o(.text.SysTick_Handler)
    [Anonymous Symbol]                       0x08002a30   Section        0  system_stm32f1xx.o(.text.SystemInit)
    [Anonymous Symbol]                       0x08002a34   Section        0  stm32f103c8t6.o(.text.TIM2_IRQHandler)
    [Anonymous Symbol]                       0x08002a54   Section        0  tim2.o(.text.TIM_Base_Init)
    [Anonymous Symbol]                       0x08002ab0   Section        0  tim2.o(.text.TIM_Base_Start_IT)
    [Anonymous Symbol]                       0x08002ac8   Section        0  tim2.o(.text.TIM_Base_Stop_IT)
    [Anonymous Symbol]                       0x08002afc   Section        0  tim2.o(.text.TIM_IRQHandler)
    [Anonymous Symbol]                       0x08002b14   Section        0  main.o(.text.main)
    i.sqrt                                   0x08003650   Section        0  sqrt.o(i.sqrt)
    x$fpl$d2f                                0x0800369c   Section       98  d2f.o(x$fpl$d2f)
    x$fpl$dadd                               0x08003700   Section      336  daddsub_clz.o(x$fpl$dadd)
    _dadd1                                   0x08003711   Thumb Code     0  daddsub_clz.o(x$fpl$dadd)
    x$fpl$dcmpinf                            0x08003850   Section       24  dcmpi.o(x$fpl$dcmpinf)
    x$fpl$ddiv                               0x08003868   Section      692  ddiv.o(x$fpl$ddiv)
    ddiv_entry                               0x0800386f   Thumb Code     0  ddiv.o(x$fpl$ddiv)
    x$fpl$deqf                               0x08003b1c   Section      120  deqf.o(x$fpl$deqf)
    x$fpl$dflt                               0x08003b94   Section       46  dflt_clz.o(x$fpl$dflt)
    x$fpl$dgeqf                              0x08003bc4   Section      120  dgeqf.o(x$fpl$dgeqf)
    x$fpl$dleqf                              0x08003c3c   Section      120  dleqf.o(x$fpl$dleqf)
    x$fpl$dmul                               0x08003cb4   Section      340  dmul.o(x$fpl$dmul)
    x$fpl$dnaninf                            0x08003e08   Section      156  dnaninf.o(x$fpl$dnaninf)
    x$fpl$dretinf                            0x08003ea4   Section       12  dretinf.o(x$fpl$dretinf)
    x$fpl$dsqrt                              0x08003eb0   Section      460  dsqrt_noumaal.o(x$fpl$dsqrt)
    x$fpl$dsub                               0x0800407c   Section      476  daddsub_clz.o(x$fpl$dsub)
    _dsub1                                   0x0800408d   Thumb Code     0  daddsub_clz.o(x$fpl$dsub)
    x$fpl$f2d                                0x08004258   Section       86  f2d.o(x$fpl$f2d)
    x$fpl$fadd                               0x080042b0   Section      196  faddsub_clz.o(x$fpl$fadd)
    _fadd1                                   0x080042bf   Thumb Code     0  faddsub_clz.o(x$fpl$fadd)
    x$fpl$fcmp                               0x08004374   Section       84  dcmp.o(x$fpl$fcmp)
    _fdiv1                                   0x080043c9   Thumb Code     0  fdiv.o(x$fpl$fdiv)
    x$fpl$fdiv                               0x080043c8   Section      388  fdiv.o(x$fpl$fdiv)
    x$fpl$fmul                               0x0800454c   Section      258  fmul.o(x$fpl$fmul)
    x$fpl$fnaninf                            0x0800464e   Section      140  fnaninf.o(x$fpl$fnaninf)
    x$fpl$fretinf                            0x080046da   Section       10  fretinf.o(x$fpl$fretinf)
    x$fpl$fsub                               0x080046e4   Section      234  faddsub_clz.o(x$fpl$fsub)
    _fsub1                                   0x080046f3   Thumb Code     0  faddsub_clz.o(x$fpl$fsub)
    .L__const.RCC_GetSysClockFreq.aPredivFactorTable 0x080047ce   Data           2  rcc.o(.rodata..L__const.RCC_GetSysClockFreq.aPredivFactorTable)
    x$fpl$usenofp                            0x080047ce   Section        0  usenofp.o(x$fpl$usenofp)
    .L__const.RCC_GetSysClockFreq.aPLLMULFactorTable 0x08005cb0   Data          16  rcc.o(.rodata.cst16)
    .bss                                     0x20000020   Section       96  libspace.o(.bss)
    .L_MergedGlobals                         0x20000080   Data           4  ssd1306.o(.bss..L_MergedGlobals)
    SSD1306.0                                0x20000080   Data           2  ssd1306.o(.bss..L_MergedGlobals)
    [Anonymous Symbol]                       0x20000080   Section        0  ssd1306.o(.bss..L_MergedGlobals)
    SSD1306.1                                0x20000082   Data           2  ssd1306.o(.bss..L_MergedGlobals)
    .L_MergedGlobals                         0x20000088   Data         112  main.o(.bss..L_MergedGlobals)
    [Anonymous Symbol]                       0x20000088   Section        0  main.o(.bss..L_MergedGlobals)
    .L_MergedGlobals.8                       0x200000f8   Data          88  main.o(.bss..L_MergedGlobals.8)
    [Anonymous Symbol]                       0x200000f8   Section        0  main.o(.bss..L_MergedGlobals.8)
    SSD1306_Buffer                           0x20000150   Data        1024  ssd1306.o(.bss.SSD1306_Buffer)
    [Anonymous Symbol]                       0x20000150   Section        0  ssd1306.o(.bss.SSD1306_Buffer)
    Heap_Mem                                 0x20000790   Data         512  startup_stm32f103xb.o(HEAP)
    HEAP                                     0x20000790   Section      512  startup_stm32f103xb.o(HEAP)
    Stack_Mem                                0x20000990   Data        1024  startup_stm32f103xb.o(STACK)
    STACK                                    0x20000990   Section     1024  startup_stm32f103xb.o(STACK)
    __initial_sp                             0x20000d90   Data           0  startup_stm32f103xb.o(STACK)

    Global Symbols

    Symbol Name                              Value     Ov Type        Size  Object(Section)

    BuildAttributes$$THM_ISAv4$P$D$K$B$S$PE$A:L22UL41UL21$X:L11$S22US41US21$IEEE1$IW$~IW$USESV6$~STKCKD$USESV7$~SHL$OTIME$ROPI$IEEEJ$EBA8$UX$STANDARDLIB$REQ8$PRES8$EABIv2 0x00000000   Number         0  anon$$obj.o ABSOLUTE
    __fp_init_empty                          0x00000000   Number         0  fpinit_empty.o ABSOLUTE
    __ARM_exceptions_init                     - Undefined Weak Reference
    __alloca_initialize                       - Undefined Weak Reference
    __arm_preinit_                            - Undefined Weak Reference
    __arm_relocate_pie_                       - Undefined Weak Reference
    __cpp_initialize__aeabi_                  - Undefined Weak Reference
    __cxa_finalize                            - Undefined Weak Reference
    __rt_locale                               - Undefined Weak Reference
    __sigvec_lookup                           - Undefined Weak Reference
    _atexit_init                              - Undefined Weak Reference
    _call_atexit_fns                          - Undefined Weak Reference
    _clock_init                               - Undefined Weak Reference
    _fp_trap_init                             - Undefined Weak Reference
    _fp_trap_shutdown                         - Undefined Weak Reference
    _get_lc_collate                           - Undefined Weak Reference
    _get_lc_ctype                             - Undefined Weak Reference
    _get_lc_monetary                          - Undefined Weak Reference
    _get_lc_numeric                           - Undefined Weak Reference
    _get_lc_time                              - Undefined Weak Reference
    _getenv_init                              - Undefined Weak Reference
    _handle_redirection                       - Undefined Weak Reference
    _init_alloc                               - Undefined Weak Reference
    _init_user_alloc                          - Undefined Weak Reference
    _initio                                   - Undefined Weak Reference
    _printf_post_padding                      - Undefined Weak Reference
    _printf_pre_padding                       - Undefined Weak Reference
    _printf_truncate_signed                   - Undefined Weak Reference
    _printf_truncate_unsigned                 - Undefined Weak Reference
    _rand_init                                - Undefined Weak Reference
    _signal_finish                            - Undefined Weak Reference
    _signal_init                              - Undefined Weak Reference
    _terminate_alloc                          - Undefined Weak Reference
    _terminate_user_alloc                     - Undefined Weak Reference
    _terminateio                              - Undefined Weak Reference
    __Vectors_Size                           0x000000ec   Number         0  startup_stm32f103xb.o ABSOLUTE
    __Vectors                                0x08000000   Data           4  startup_stm32f103xb.o(RESET)
    __Vectors_End                            0x080000ec   Data           0  startup_stm32f103xb.o(RESET)
    __main                                   0x080000ed   Thumb Code     8  __main.o(!!!main)
    __scatterload                            0x080000f5   Thumb Code     0  __scatter.o(!!!scatter)
    __scatterload_rt2                        0x080000f5   Thumb Code    44  __scatter.o(!!!scatter)
    __scatterload_rt2_thumb_only             0x080000f5   Thumb Code     0  __scatter.o(!!!scatter)
    __scatterload_null                       0x08000103   Thumb Code     0  __scatter.o(!!!scatter)
    __scatterload_copy                       0x08000129   Thumb Code    26  __scatter_copy.o(!!handler_copy)
    __scatterload_zeroinit                   0x08000145   Thumb Code    28  __scatter_zi.o(!!handler_zi)
    _printf_d                                0x08000161   Thumb Code     0  _printf_d.o(.ARM.Collect$$_printf_percent$$00000009)
    _printf_percent                          0x08000161   Thumb Code     0  _printf_percent.o(.ARM.Collect$$_printf_percent$$00000000)
    _printf_percent_end                      0x08000167   Thumb Code     0  _printf_percent_end.o(.ARM.Collect$$_printf_percent$$00000017)
    __rt_lib_init                            0x0800016b   Thumb Code     0  libinit.o(.ARM.Collect$$libinit$$00000000)
    __rt_lib_init_alloca_1                   0x0800016d   Thumb Code     0  libinit2.o(.ARM.Collect$$libinit$$00000030)
    __rt_lib_init_argv_1                     0x0800016d   Thumb Code     0  libinit2.o(.ARM.Collect$$libinit$$0000002E)
    __rt_lib_init_atexit_1                   0x0800016d   Thumb Code     0  libinit2.o(.ARM.Collect$$libinit$$0000001D)
    __rt_lib_init_clock_1                    0x0800016d   Thumb Code     0  libinit2.o(.ARM.Collect$$libinit$$00000023)
    __rt_lib_init_cpp_1                      0x0800016d   Thumb Code     0  libinit2.o(.ARM.Collect$$libinit$$00000034)
    __rt_lib_init_exceptions_1               0x0800016d   Thumb Code     0  libinit2.o(.ARM.Collect$$libinit$$00000032)
    __rt_lib_init_fp_1                       0x0800016d   Thumb Code     0  libinit2.o(.ARM.Collect$$libinit$$00000002)
    __rt_lib_init_fp_trap_1                  0x0800016d   Thumb Code     0  libinit2.o(.ARM.Collect$$libinit$$00000021)
    __rt_lib_init_getenv_1                   0x0800016d   Thumb Code     0  libinit2.o(.ARM.Collect$$libinit$$00000025)
    __rt_lib_init_heap_1                     0x0800016d   Thumb Code     0  libinit2.o(.ARM.Collect$$libinit$$0000000C)
    __rt_lib_init_lc_collate_1               0x0800016d   Thumb Code     0  libinit2.o(.ARM.Collect$$libinit$$00000013)
    __rt_lib_init_lc_ctype_1                 0x0800016d   Thumb Code     0  libinit2.o(.ARM.Collect$$libinit$$00000015)
    __rt_lib_init_lc_monetary_1              0x0800016d   Thumb Code     0  libinit2.o(.ARM.Collect$$libinit$$00000017)
    __rt_lib_init_lc_numeric_1               0x0800016d   Thumb Code     0  libinit2.o(.ARM.Collect$$libinit$$00000019)
    __rt_lib_init_lc_time_1                  0x0800016d   Thumb Code     0  libinit2.o(.ARM.Collect$$libinit$$0000001B)
    __rt_lib_init_preinit_1                  0x0800016d   Thumb Code     0  libinit2.o(.ARM.Collect$$libinit$$00000006)
    __rt_lib_init_rand_1                     0x0800016d   Thumb Code     0  libinit2.o(.ARM.Collect$$libinit$$00000010)
    __rt_lib_init_relocate_pie_1             0x0800016d   Thumb Code     0  libinit2.o(.ARM.Collect$$libinit$$00000004)
    __rt_lib_init_return                     0x0800016d   Thumb Code     0  libinit2.o(.ARM.Collect$$libinit$$00000035)
    __rt_lib_init_signal_1                   0x0800016d   Thumb Code     0  libinit2.o(.ARM.Collect$$libinit$$0000001F)
    __rt_lib_init_stdio_1                    0x0800016d   Thumb Code     0  libinit2.o(.ARM.Collect$$libinit$$00000027)
    __rt_lib_init_user_alloc_1               0x0800016d   Thumb Code     0  libinit2.o(.ARM.Collect$$libinit$$0000000E)
    __rt_lib_shutdown                        0x0800016f   Thumb Code     0  libshutdown.o(.ARM.Collect$$libshutdown$$00000000)
    __rt_lib_shutdown_cpp_1                  0x08000171   Thumb Code     0  libshutdown2.o(.ARM.Collect$$libshutdown$$00000002)
    __rt_lib_shutdown_fp_trap_1              0x08000171   Thumb Code     0  libshutdown2.o(.ARM.Collect$$libshutdown$$00000007)
    __rt_lib_shutdown_heap_1                 0x08000171   Thumb Code     0  libshutdown2.o(.ARM.Collect$$libshutdown$$0000000F)
    __rt_lib_shutdown_return                 0x08000171   Thumb Code     0  libshutdown2.o(.ARM.Collect$$libshutdown$$00000010)
    __rt_lib_shutdown_signal_1               0x08000171   Thumb Code     0  libshutdown2.o(.ARM.Collect$$libshutdown$$0000000A)
    __rt_lib_shutdown_stdio_1                0x08000171   Thumb Code     0  libshutdown2.o(.ARM.Collect$$libshutdown$$00000004)
    __rt_lib_shutdown_user_alloc_1           0x08000171   Thumb Code     0  libshutdown2.o(.ARM.Collect$$libshutdown$$0000000C)
    __rt_entry                               0x08000173   Thumb Code     0  __rtentry.o(.ARM.Collect$$rtentry$$00000000)
    __rt_entry_presh_1                       0x08000173   Thumb Code     0  __rtentry2.o(.ARM.Collect$$rtentry$$00000002)
    __rt_entry_sh                            0x08000173   Thumb Code     0  __rtentry4.o(.ARM.Collect$$rtentry$$00000004)
    __rt_entry_li                            0x08000179   Thumb Code     0  __rtentry2.o(.ARM.Collect$$rtentry$$0000000A)
    __rt_entry_postsh_1                      0x08000179   Thumb Code     0  __rtentry2.o(.ARM.Collect$$rtentry$$00000009)
    __rt_entry_main                          0x0800017d   Thumb Code     0  __rtentry2.o(.ARM.Collect$$rtentry$$0000000D)
    __rt_entry_postli_1                      0x0800017d   Thumb Code     0  __rtentry2.o(.ARM.Collect$$rtentry$$0000000C)
    __rt_exit                                0x08000185   Thumb Code     0  rtexit.o(.ARM.Collect$$rtexit$$00000000)
    __rt_exit_ls                             0x08000187   Thumb Code     0  rtexit2.o(.ARM.Collect$$rtexit$$00000003)
    __rt_exit_prels_1                        0x08000187   Thumb Code     0  rtexit2.o(.ARM.Collect$$rtexit$$00000002)
    __rt_exit_exit                           0x0800018b   Thumb Code     0  rtexit2.o(.ARM.Collect$$rtexit$$00000004)
    Reset_Handler                            0x08000191   Thumb Code     8  startup_stm32f103xb.o(.text)
    NMI_Handler                              0x08000199   Thumb Code     2  startup_stm32f103xb.o(.text)
    HardFault_Handler                        0x0800019b   Thumb Code     2  startup_stm32f103xb.o(.text)
    MemManage_Handler                        0x0800019d   Thumb Code     2  startup_stm32f103xb.o(.text)
    BusFault_Handler                         0x0800019f   Thumb Code     2  startup_stm32f103xb.o(.text)
    UsageFault_Handler                       0x080001a1   Thumb Code     2  startup_stm32f103xb.o(.text)
    SVC_Handler                              0x080001a3   Thumb Code     2  startup_stm32f103xb.o(.text)
    DebugMon_Handler                         0x080001a5   Thumb Code     2  startup_stm32f103xb.o(.text)
    PendSV_Handler                           0x080001a7   Thumb Code     2  startup_stm32f103xb.o(.text)
    ADC1_2_IRQHandler                        0x080001ab   Thumb Code     0  startup_stm32f103xb.o(.text)
    CAN1_RX1_IRQHandler                      0x080001ab   Thumb Code     0  startup_stm32f103xb.o(.text)
    CAN1_SCE_IRQHandler                      0x080001ab   Thumb Code     0  startup_stm32f103xb.o(.text)
    DMA1_Channel1_IRQHandler                 0x080001ab   Thumb Code     0  startup_stm32f103xb.o(.text)
    DMA1_Channel2_IRQHandler                 0x080001ab   Thumb Code     0  startup_stm32f103xb.o(.text)
    DMA1_Channel3_IRQHandler                 0x080001ab   Thumb Code     0  startup_stm32f103xb.o(.text)
    DMA1_Channel4_IRQHandler                 0x080001ab   Thumb Code     0  startup_stm32f103xb.o(.text)
    DMA1_Channel5_IRQHandler                 0x080001ab   Thumb Code     0  startup_stm32f103xb.o(.text)
    DMA1_Channel6_IRQHandler                 0x080001ab   Thumb Code     0  startup_stm32f103xb.o(.text)
    DMA1_Channel7_IRQHandler                 0x080001ab   Thumb Code     0  startup_stm32f103xb.o(.text)
    EXTI0_IRQHandler                         0x080001ab   Thumb Code     0  startup_stm32f103xb.o(.text)
    EXTI15_10_IRQHandler                     0x080001ab   Thumb Code     0  startup_stm32f103xb.o(.text)
    EXTI1_IRQHandler                         0x080001ab   Thumb Code     0  startup_stm32f103xb.o(.text)
    EXTI2_IRQHandler                         0x080001ab   Thumb Code     0  startup_stm32f103xb.o(.text)
    EXTI3_IRQHandler                         0x080001ab   Thumb Code     0  startup_stm32f103xb.o(.text)
    EXTI4_IRQHandler                         0x080001ab   Thumb Code     0  startup_stm32f103xb.o(.text)
    EXTI9_5_IRQHandler                       0x080001ab   Thumb Code     0  startup_stm32f103xb.o(.text)
    FLASH_IRQHandler                         0x080001ab   Thumb Code     0  startup_stm32f103xb.o(.text)
    I2C1_ER_IRQHandler                       0x080001ab   Thumb Code     0  startup_stm32f103xb.o(.text)
    I2C1_EV_IRQHandler                       0x080001ab   Thumb Code     0  startup_stm32f103xb.o(.text)
    I2C2_ER_IRQHandler                       0x080001ab   Thumb Code     0  startup_stm32f103xb.o(.text)
    I2C2_EV_IRQHandler                       0x080001ab   Thumb Code     0  startup_stm32f103xb.o(.text)
    PVD_IRQHandler                           0x080001ab   Thumb Code     0  startup_stm32f103xb.o(.text)
    RCC_IRQHandler                           0x080001ab   Thumb Code     0  startup_stm32f103xb.o(.text)
    RTC_Alarm_IRQHandler                     0x080001ab   Thumb Code     0  startup_stm32f103xb.o(.text)
    RTC_IRQHandler                           0x080001ab   Thumb Code     0  startup_stm32f103xb.o(.text)
    SPI1_IRQHandler                          0x080001ab   Thumb Code     0  startup_stm32f103xb.o(.text)
    SPI2_IRQHandler                          0x080001ab   Thumb Code     0  startup_stm32f103xb.o(.text)
    TAMPER_IRQHandler                        0x080001ab   Thumb Code     0  startup_stm32f103xb.o(.text)
    TIM1_BRK_IRQHandler                      0x080001ab   Thumb Code     0  startup_stm32f103xb.o(.text)
    TIM1_CC_IRQHandler                       0x080001ab   Thumb Code     0  startup_stm32f103xb.o(.text)
    TIM1_TRG_COM_IRQHandler                  0x080001ab   Thumb Code     0  startup_stm32f103xb.o(.text)
    TIM1_UP_IRQHandler                       0x080001ab   Thumb Code     0  startup_stm32f103xb.o(.text)
    TIM3_IRQHandler                          0x080001ab   Thumb Code     0  startup_stm32f103xb.o(.text)
    TIM4_IRQHandler                          0x080001ab   Thumb Code     0  startup_stm32f103xb.o(.text)
    USART1_IRQHandler                        0x080001ab   Thumb Code     0  startup_stm32f103xb.o(.text)
    USART2_IRQHandler                        0x080001ab   Thumb Code     0  startup_stm32f103xb.o(.text)
    USART3_IRQHandler                        0x080001ab   Thumb Code     0  startup_stm32f103xb.o(.text)
    USBWakeUp_IRQHandler                     0x080001ab   Thumb Code     0  startup_stm32f103xb.o(.text)
    USB_HP_CAN1_TX_IRQHandler                0x080001ab   Thumb Code     0  startup_stm32f103xb.o(.text)
    USB_LP_CAN1_RX0_IRQHandler               0x080001ab   Thumb Code     0  startup_stm32f103xb.o(.text)
    WWDG_IRQHandler                          0x080001ab   Thumb Code     0  startup_stm32f103xb.o(.text)
    __user_initial_stackheap                 0x080001ad   Thumb Code     0  startup_stm32f103xb.o(.text)
    __2sprintf                               0x080001d1   Thumb Code    34  noretval__2sprintf.o(.text)
    __printf                                 0x080001f9   Thumb Code   104  __printf.o(.text)
    _printf_int_dec                          0x08000261   Thumb Code   104  _printf_dec.o(.text)
    __aeabi_memcpy                           0x080002d9   Thumb Code     0  rt_memcpy_v6.o(.text)
    __rt_memcpy                              0x080002d9   Thumb Code   138  rt_memcpy_v6.o(.text)
    _memcpy_lastbytes                        0x0800033f   Thumb Code     0  rt_memcpy_v6.o(.text)
    __aeabi_memclr4                          0x08000363   Thumb Code     0  rt_memclr_w.o(.text)
    __aeabi_memclr8                          0x08000363   Thumb Code     0  rt_memclr_w.o(.text)
    __rt_memclr_w                            0x08000363   Thumb Code     0  rt_memclr_w.o(.text)
    _memset_w                                0x08000367   Thumb Code    74  rt_memclr_w.o(.text)
    __use_two_region_memory                  0x080003b1   Thumb Code     2  heapauxi.o(.text)
    __rt_heap_escrow$2region                 0x080003b3   Thumb Code     2  heapauxi.o(.text)
    __rt_heap_expand$2region                 0x080003b5   Thumb Code     2  heapauxi.o(.text)
    __read_errno                             0x080003b7   Thumb Code    10  _rserrno.o(.text)
    __set_errno                              0x080003c1   Thumb Code    12  _rserrno.o(.text)
    _printf_int_common                       0x080003cd   Thumb Code   178  _printf_intcommon.o(.text)
    _printf_char_common                      0x0800048b   Thumb Code    32  _printf_char_common.o(.text)
    _sputc                                   0x080004b1   Thumb Code    10  _sputc.o(.text)
    __aeabi_memcpy4                          0x080004bb   Thumb Code     0  rt_memcpy_w.o(.text)
    __aeabi_memcpy8                          0x080004bb   Thumb Code     0  rt_memcpy_w.o(.text)
    __rt_memcpy_w                            0x080004bb   Thumb Code   100  rt_memcpy_w.o(.text)
    _memcpy_lastbytes_aligned                0x08000503   Thumb Code     0  rt_memcpy_w.o(.text)
    __aeabi_errno_addr                       0x08000521   Thumb Code     8  rt_errno_addr_intlibspace.o(.text)
    __errno$intlibspace                      0x08000521   Thumb Code     0  rt_errno_addr_intlibspace.o(.text)
    __rt_errno_addr$intlibspace              0x08000521   Thumb Code     0  rt_errno_addr_intlibspace.o(.text)
    __user_libspace                          0x08000529   Thumb Code     8  libspace.o(.text)
    __user_perproc_libspace                  0x08000529   Thumb Code     0  libspace.o(.text)
    __user_perthread_libspace                0x08000529   Thumb Code     0  libspace.o(.text)
    __user_setup_stackheap                   0x08000531   Thumb Code    74  sys_stackheap_outer.o(.text)
    exit                                     0x0800057b   Thumb Code    18  exit.o(.text)
    _sys_exit                                0x0800058d   Thumb Code     8  sys_exit.o(.text)
    __I$use$semihosting                      0x08000599   Thumb Code     0  use_no_semi.o(.text)
    __use_no_semihosting_swi                 0x08000599   Thumb Code     2  use_no_semi.o(.text)
    __semihosting_library_function           0x0800059b   Thumb Code     0  indicate_semi.o(.text)
    AFIO_REMAP_SWJ_NOJTAG                    0x0800059d   Thumb Code    18  rcc.o(.text.AFIO_REMAP_SWJ_NOJTAG)
    Delay                                    0x080005b1   Thumb Code    68  stm32f103c8t6.o(.text.Delay)
    GPIO_Init                                0x080005f5   Thumb Code   514  gpio.o(.text.GPIO_Init)
    GPIO_ReadPin                             0x080007f9   Thumb Code    10  gpio.o(.text.GPIO_ReadPin)
    GPIO_TogglePin                           0x08000805   Thumb Code    16  gpio.o(.text.GPIO_TogglePin)
    GPIO_WritePin                            0x08000815   Thumb Code    10  gpio.o(.text.GPIO_WritePin)
    GetTick                                  0x08000821   Thumb Code    12  stm32f103c8t6.o(.text.GetTick)
    I2C_Init                                 0x0800082d   Thumb Code   312  i2c.o(.text.I2C_Init)
    I2C_IsDeviceReady                        0x08000965   Thumb Code   542  i2c.o(.text.I2C_IsDeviceReady)
    I2C_Master_Transmit                      0x08000b85   Thumb Code  1136  i2c.o(.text.I2C_Master_Transmit)
    I2C_Mem_Read                             0x08000ff5   Thumb Code  1898  i2c.o(.text.I2C_Mem_Read)
    I2C_Mem_Write                            0x08001761   Thumb Code  1086  i2c.o(.text.I2C_Mem_Write)
    I2C_MspInit                              0x08001ba1   Thumb Code    62  stm32f103c8t6.o(.text.I2C_MspInit)
    Init                                     0x08001cd1   Thumb Code   114  stm32f103c8t6.o(.text.Init)
    InitTick                                 0x08001d45   Thumb Code    74  stm32f103c8t6.o(.text.InitTick)
    KalmanFilter_init                        0x08001d91   Thumb Code     4  filter.o(.text.KalmanFilter_init)
    KalmanFilter_updateEstimate              0x08001d95   Thumb Code   176  filter.o(.text.KalmanFilter_updateEstimate)
    MPU6050_Init                             0x08001e45   Thumb Code   150  mpu6050.o(.text.MPU6050_Init)
    MPU6050_Read_Accel                       0x08001edd   Thumb Code    98  mpu6050.o(.text.MPU6050_Read_Accel)
    RCC_AFIO_CLK_ENABLE                      0x08001f41   Thumb Code    32  rcc.o(.text.RCC_AFIO_CLK_ENABLE)
    RCC_ClockConfig                          0x08001f61   Thumb Code   316  rcc.o(.text.RCC_ClockConfig)
    RCC_GPIOA_CLK_ENABLE                     0x0800209d   Thumb Code    32  rcc.o(.text.RCC_GPIOA_CLK_ENABLE)
    RCC_GPIOB_CLK_ENABLE                     0x080020bd   Thumb Code    32  rcc.o(.text.RCC_GPIOB_CLK_ENABLE)
    RCC_GPIOD_CLK_ENABLE                     0x080020dd   Thumb Code    32  rcc.o(.text.RCC_GPIOD_CLK_ENABLE)
    RCC_GetPCLK1Freq                         0x080020fd   Thumb Code    38  rcc.o(.text.RCC_GetPCLK1Freq)
    RCC_I2C1_CLK_ENABLE                      0x08002125   Thumb Code    32  rcc.o(.text.RCC_I2C1_CLK_ENABLE)
    RCC_OscConfig                            0x08002145   Thumb Code   940  rcc.o(.text.RCC_OscConfig)
    RCC_TIM2_CLK_ENABLE                      0x080024f1   Thumb Code    32  rcc.o(.text.RCC_TIM2_CLK_ENABLE)
    SSD1306_Clear                            0x08002511   Thumb Code    26  ssd1306.o(.text.SSD1306_Clear)
    SSD1306_GotoXY                           0x0800252d   Thumb Code    14  ssd1306.o(.text.SSD1306_GotoXY)
    SSD1306_Init                             0x0800253d   Thumb Code   770  ssd1306.o(.text.SSD1306_Init)
    SSD1306_Putc                             0x08002841   Thumb Code   258  ssd1306.o(.text.SSD1306_Putc)
    SSD1306_Puts                             0x08002945   Thumb Code    48  ssd1306.o(.text.SSD1306_Puts)
    SSD1306_UpdateScreen                     0x08002975   Thumb Code   160  ssd1306.o(.text.SSD1306_UpdateScreen)
    SysTick_Handler                          0x08002a15   Thumb Code    26  stm32f103c8t6.o(.text.SysTick_Handler)
    SystemInit                               0x08002a31   Thumb Code     2  system_stm32f1xx.o(.text.SystemInit)
    TIM2_IRQHandler                          0x08002a35   Thumb Code    32  stm32f103c8t6.o(.text.TIM2_IRQHandler)
    TIM_Base_Init                            0x08002a55   Thumb Code    90  tim2.o(.text.TIM_Base_Init)
    TIM_Base_Start_IT                        0x08002ab1   Thumb Code    24  tim2.o(.text.TIM_Base_Start_IT)
    TIM_Base_Stop_IT                         0x08002ac9   Thumb Code    52  tim2.o(.text.TIM_Base_Stop_IT)
    TIM_IRQHandler                           0x08002afd   Thumb Code    22  tim2.o(.text.TIM_IRQHandler)
    main                                     0x08002b15   Thumb Code  2756  main.o(.text.main)
    sqrt                                     0x08003651   Thumb Code    76  sqrt.o(i.sqrt)
    __aeabi_d2f                              0x0800369d   Thumb Code     0  d2f.o(x$fpl$d2f)
    _d2f                                     0x0800369d   Thumb Code    98  d2f.o(x$fpl$d2f)
    __aeabi_dadd                             0x08003701   Thumb Code     0  daddsub_clz.o(x$fpl$dadd)
    _dadd                                    0x08003701   Thumb Code   332  daddsub_clz.o(x$fpl$dadd)
    __fpl_dcmp_Inf                           0x08003851   Thumb Code    24  dcmpi.o(x$fpl$dcmpinf)
    __aeabi_ddiv                             0x08003869   Thumb Code     0  ddiv.o(x$fpl$ddiv)
    _ddiv                                    0x08003869   Thumb Code   556  ddiv.o(x$fpl$ddiv)
    __aeabi_cdcmpeq                          0x08003b1d   Thumb Code     0  deqf.o(x$fpl$deqf)
    _dcmpeq                                  0x08003b1d   Thumb Code   120  deqf.o(x$fpl$deqf)
    __aeabi_i2d                              0x08003b95   Thumb Code     0  dflt_clz.o(x$fpl$dflt)
    _dflt                                    0x08003b95   Thumb Code    46  dflt_clz.o(x$fpl$dflt)
    __aeabi_cdcmpge                          0x08003bc5   Thumb Code     0  dgeqf.o(x$fpl$dgeqf)
    _dcmpge                                  0x08003bc5   Thumb Code   120  dgeqf.o(x$fpl$dgeqf)
    __aeabi_cdcmple                          0x08003c3d   Thumb Code     0  dleqf.o(x$fpl$dleqf)
    _dcmple                                  0x08003c3d   Thumb Code   120  dleqf.o(x$fpl$dleqf)
    __fpl_dcmple_InfNaN                      0x08003c9f   Thumb Code     0  dleqf.o(x$fpl$dleqf)
    __aeabi_dmul                             0x08003cb5   Thumb Code     0  dmul.o(x$fpl$dmul)
    _dmul                                    0x08003cb5   Thumb Code   332  dmul.o(x$fpl$dmul)
    __fpl_dnaninf                            0x08003e09   Thumb Code   156  dnaninf.o(x$fpl$dnaninf)
    __fpl_dretinf                            0x08003ea5   Thumb Code    12  dretinf.o(x$fpl$dretinf)
    _dsqrt                                   0x08003eb1   Thumb Code   456  dsqrt_noumaal.o(x$fpl$dsqrt)
    __aeabi_dsub                             0x0800407d   Thumb Code     0  daddsub_clz.o(x$fpl$dsub)
    _dsub                                    0x0800407d   Thumb Code   472  daddsub_clz.o(x$fpl$dsub)
    __aeabi_f2d                              0x08004259   Thumb Code     0  f2d.o(x$fpl$f2d)
    _f2d                                     0x08004259   Thumb Code    86  f2d.o(x$fpl$f2d)
    __aeabi_fadd                             0x080042b1   Thumb Code     0  faddsub_clz.o(x$fpl$fadd)
    _fadd                                    0x080042b1   Thumb Code   196  faddsub_clz.o(x$fpl$fadd)
    __aeabi_dcmpeq                           0x08004375   Thumb Code     0  dcmp.o(x$fpl$fcmp)
    _deq                                     0x08004375   Thumb Code    14  dcmp.o(x$fpl$fcmp)
    _dneq                                    0x08004383   Thumb Code    14  dcmp.o(x$fpl$fcmp)
    __aeabi_dcmpgt                           0x08004391   Thumb Code     0  dcmp.o(x$fpl$fcmp)
    _dgr                                     0x08004391   Thumb Code    14  dcmp.o(x$fpl$fcmp)
    __aeabi_dcmpge                           0x0800439f   Thumb Code     0  dcmp.o(x$fpl$fcmp)
    _dgeq                                    0x0800439f   Thumb Code    14  dcmp.o(x$fpl$fcmp)
    __aeabi_dcmple                           0x080043ad   Thumb Code     0  dcmp.o(x$fpl$fcmp)
    _dleq                                    0x080043ad   Thumb Code    14  dcmp.o(x$fpl$fcmp)
    __aeabi_dcmplt                           0x080043bb   Thumb Code     0  dcmp.o(x$fpl$fcmp)
    _dls                                     0x080043bb   Thumb Code    14  dcmp.o(x$fpl$fcmp)
    __aeabi_fdiv                             0x080043c9   Thumb Code     0  fdiv.o(x$fpl$fdiv)
    _fdiv                                    0x080043c9   Thumb Code   384  fdiv.o(x$fpl$fdiv)
    __aeabi_fmul                             0x0800454d   Thumb Code     0  fmul.o(x$fpl$fmul)
    _fmul                                    0x0800454d   Thumb Code   258  fmul.o(x$fpl$fmul)
    __fpl_fnaninf                            0x0800464f   Thumb Code   140  fnaninf.o(x$fpl$fnaninf)
    __fpl_fretinf                            0x080046db   Thumb Code    10  fretinf.o(x$fpl$fretinf)
    __aeabi_fsub                             0x080046e5   Thumb Code     0  faddsub_clz.o(x$fpl$fsub)
    _fsub                                    0x080046e5   Thumb Code   234  faddsub_clz.o(x$fpl$fsub)
    __I$use$fp                               0x080047ce   Number         0  usenofp.o(x$fpl$usenofp)
    AHBPrescTable                            0x080047d0   Data          16  system_stm32f1xx.o(.rodata.AHBPrescTable)
    APBPrescTable                            0x080047e0   Data           8  system_stm32f1xx.o(.rodata.APBPrescTable)
    Font11x18                                0x080047e8   Data        3420  fonts.o(.rodata.Font11x18)
    Font7x10                                 0x08005544   Data        1900  fonts.o(.rodata.Font7x10)
    Region$$Table$$Base                      0x08005cc0   Number         0  anon$$obj.o(Region$$Table)
    Region$$Table$$Limit                     0x08005ce0   Number         0  anon$$obj.o(Region$$Table)
    Font_11x18                               0x20000000   Data           8  fonts.o(.data.Font_11x18)
    Font_7x10                                0x20000008   Data           8  fonts.o(.data.Font_7x10)
    SystemCoreClock                          0x20000010   Data           4  system_stm32f1xx.o(.data.SystemCoreClock)
    uwTickFreq                               0x20000014   Data           1  stm32f103c8t6.o(.data.uwTickFreq)
    uwTickPrio                               0x20000018   Data           4  stm32f103c8t6.o(.data.uwTickPrio)
    __libspace_start                         0x20000020   Data          96  libspace.o(.bss)
    __temporary_stack_top$libspace           0x20000080   Data           0  libspace.o(.bss)
    run                                      0x20000088   Data           1  main.o(.bss..L_MergedGlobals)
    walk                                     0x20000089   Data           1  main.o(.bss..L_MergedGlobals)
    flag                                     0x2000008a   Data           1  main.o(.bss..L_MergedGlobals)
    step_run                                 0x2000008c   Data           4  main.o(.bss..L_MergedGlobals)
    steps                                    0x20000090   Data           4  main.o(.bss..L_MergedGlobals)
    step_walk                                0x20000094   Data           4  main.o(.bss..L_MergedGlobals)
    threshold                                0x20000098   Data           8  main.o(.bss..L_MergedGlobals)
    mag_mean                                 0x200000a0   Data           8  main.o(.bss..L_MergedGlobals)
    mag_std_dev                              0x200000a8   Data           8  main.o(.bss..L_MergedGlobals)
    dynamic_thres                            0x200000b0   Data           8  main.o(.bss..L_MergedGlobals)
    str                                      0x200000b8   Data          16  main.o(.bss..L_MergedGlobals)
    Kal_accX                                 0x200000c8   Data          24  main.o(.bss..L_MergedGlobals)
    Kal_accY                                 0x200000e0   Data          24  main.o(.bss..L_MergedGlobals)
    Kal_accZ                                 0x200000f8   Data          24  main.o(.bss..L_MergedGlobals.8)
    MPU6050                                  0x20000110   Data          32  main.o(.bss..L_MergedGlobals.8)
    htim2                                    0x20000130   Data          32  main.o(.bss..L_MergedGlobals.8)
    hi2c1                                    0x20000550   Data          88  main.o(.bss.hi2c1)
    magnitude                                0x200005a8   Data         120  main.o(.bss.magnitude)
    uwTick                                   0x20000620   Data           4  stm32f103c8t6.o(.bss.uwTick)
    x_final                                  0x20000628   Data         120  main.o(.bss.x_final)
    y_final                                  0x200006a0   Data         120  main.o(.bss.y_final)
    z_final                                  0x20000718   Data         120  main.o(.bss.z_final)



==============================================================================

Memory Map of the image

  Image Entry point : 0x080000ed

  Load Region LR_IROM1 (Base: 0x08000000, Size: 0x00005d00, Max: 0x00010000, ABSOLUTE)

    Execution Region ER_IROM1 (Exec base: 0x08000000, Load base: 0x08000000, Size: 0x00005ce0, Max: 0x00010000, ABSOLUTE)

    Exec Addr    Load Addr    Size         Type   Attr      Idx    E Section Name        Object

    0x08000000   0x08000000   0x000000ec   Data   RO            3    RESET               startup_stm32f103xb.o
    0x080000ec   0x080000ec   0x00000008   Code   RO          325  * !!!main             c_w.l(__main.o)
    0x080000f4   0x080000f4   0x00000034   Code   RO          567    !!!scatter          c_w.l(__scatter.o)
    0x08000128   0x08000128   0x0000001a   Code   RO          569    !!handler_copy      c_w.l(__scatter_copy.o)
    0x08000142   0x08000142   0x00000002   PAD
    0x08000144   0x08000144   0x0000001c   Code   RO          571    !!handler_zi        c_w.l(__scatter_zi.o)
    0x08000160   0x08000160   0x00000000   Code   RO          314    .ARM.Collect$$_printf_percent$$00000000  c_w.l(_printf_percent.o)
    0x08000160   0x08000160   0x00000006   Code   RO          313    .ARM.Collect$$_printf_percent$$00000009  c_w.l(_printf_d.o)
    0x08000166   0x08000166   0x00000004   Code   RO          376    .ARM.Collect$$_printf_percent$$00000017  c_w.l(_printf_percent_end.o)
    0x0800016a   0x0800016a   0x00000002   Code   RO          432    .ARM.Collect$$libinit$$00000000  c_w.l(libinit.o)
    0x0800016c   0x0800016c   0x00000000   Code   RO          436    .ARM.Collect$$libinit$$00000002  c_w.l(libinit2.o)
    0x0800016c   0x0800016c   0x00000000   Code   RO          438    .ARM.Collect$$libinit$$00000004  c_w.l(libinit2.o)
    0x0800016c   0x0800016c   0x00000000   Code   RO          440    .ARM.Collect$$libinit$$00000006  c_w.l(libinit2.o)
    0x0800016c   0x0800016c   0x00000000   Code   RO          443    .ARM.Collect$$libinit$$0000000C  c_w.l(libinit2.o)
    0x0800016c   0x0800016c   0x00000000   Code   RO          445    .ARM.Collect$$libinit$$0000000E  c_w.l(libinit2.o)
    0x0800016c   0x0800016c   0x00000000   Code   RO          447    .ARM.Collect$$libinit$$00000010  c_w.l(libinit2.o)
    0x0800016c   0x0800016c   0x00000000   Code   RO          450    .ARM.Collect$$libinit$$00000013  c_w.l(libinit2.o)
    0x0800016c   0x0800016c   0x00000000   Code   RO          452    .ARM.Collect$$libinit$$00000015  c_w.l(libinit2.o)
    0x0800016c   0x0800016c   0x00000000   Code   RO          454    .ARM.Collect$$libinit$$00000017  c_w.l(libinit2.o)
    0x0800016c   0x0800016c   0x00000000   Code   RO          456    .ARM.Collect$$libinit$$00000019  c_w.l(libinit2.o)
    0x0800016c   0x0800016c   0x00000000   Code   RO          458    .ARM.Collect$$libinit$$0000001B  c_w.l(libinit2.o)
    0x0800016c   0x0800016c   0x00000000   Code   RO          460    .ARM.Collect$$libinit$$0000001D  c_w.l(libinit2.o)
    0x0800016c   0x0800016c   0x00000000   Code   RO          462    .ARM.Collect$$libinit$$0000001F  c_w.l(libinit2.o)
    0x0800016c   0x0800016c   0x00000000   Code   RO          464    .ARM.Collect$$libinit$$00000021  c_w.l(libinit2.o)
    0x0800016c   0x0800016c   0x00000000   Code   RO          466    .ARM.Collect$$libinit$$00000023  c_w.l(libinit2.o)
    0x0800016c   0x0800016c   0x00000000   Code   RO          468    .ARM.Collect$$libinit$$00000025  c_w.l(libinit2.o)
    0x0800016c   0x0800016c   0x00000000   Code   RO          470    .ARM.Collect$$libinit$$00000027  c_w.l(libinit2.o)
    0x0800016c   0x0800016c   0x00000000   Code   RO          474    .ARM.Collect$$libinit$$0000002E  c_w.l(libinit2.o)
    0x0800016c   0x0800016c   0x00000000   Code   RO          476    .ARM.Collect$$libinit$$00000030  c_w.l(libinit2.o)
    0x0800016c   0x0800016c   0x00000000   Code   RO          478    .ARM.Collect$$libinit$$00000032  c_w.l(libinit2.o)
    0x0800016c   0x0800016c   0x00000000   Code   RO          480    .ARM.Collect$$libinit$$00000034  c_w.l(libinit2.o)
    0x0800016c   0x0800016c   0x00000002   Code   RO          481    .ARM.Collect$$libinit$$00000035  c_w.l(libinit2.o)
    0x0800016e   0x0800016e   0x00000002   Code   RO          503    .ARM.Collect$$libshutdown$$00000000  c_w.l(libshutdown.o)
    0x08000170   0x08000170   0x00000000   Code   RO          518    .ARM.Collect$$libshutdown$$00000002  c_w.l(libshutdown2.o)
    0x08000170   0x08000170   0x00000000   Code   RO          520    .ARM.Collect$$libshutdown$$00000004  c_w.l(libshutdown2.o)
    0x08000170   0x08000170   0x00000000   Code   RO          523    .ARM.Collect$$libshutdown$$00000007  c_w.l(libshutdown2.o)
    0x08000170   0x08000170   0x00000000   Code   RO          526    .ARM.Collect$$libshutdown$$0000000A  c_w.l(libshutdown2.o)
    0x08000170   0x08000170   0x00000000   Code   RO          528    .ARM.Collect$$libshutdown$$0000000C  c_w.l(libshutdown2.o)
    0x08000170   0x08000170   0x00000000   Code   RO          531    .ARM.Collect$$libshutdown$$0000000F  c_w.l(libshutdown2.o)
    0x08000170   0x08000170   0x00000002   Code   RO          532    .ARM.Collect$$libshutdown$$00000010  c_w.l(libshutdown2.o)
    0x08000172   0x08000172   0x00000000   Code   RO          367    .ARM.Collect$$rtentry$$00000000  c_w.l(__rtentry.o)
    0x08000172   0x08000172   0x00000000   Code   RO          397    .ARM.Collect$$rtentry$$00000002  c_w.l(__rtentry2.o)
    0x08000172   0x08000172   0x00000006   Code   RO          409    .ARM.Collect$$rtentry$$00000004  c_w.l(__rtentry4.o)
    0x08000178   0x08000178   0x00000000   Code   RO          399    .ARM.Collect$$rtentry$$00000009  c_w.l(__rtentry2.o)
    0x08000178   0x08000178   0x00000004   Code   RO          400    .ARM.Collect$$rtentry$$0000000A  c_w.l(__rtentry2.o)
    0x0800017c   0x0800017c   0x00000000   Code   RO          402    .ARM.Collect$$rtentry$$0000000C  c_w.l(__rtentry2.o)
    0x0800017c   0x0800017c   0x00000008   Code   RO          403    .ARM.Collect$$rtentry$$0000000D  c_w.l(__rtentry2.o)
    0x08000184   0x08000184   0x00000002   Code   RO          433    .ARM.Collect$$rtexit$$00000000  c_w.l(rtexit.o)
    0x08000186   0x08000186   0x00000000   Code   RO          483    .ARM.Collect$$rtexit$$00000002  c_w.l(rtexit2.o)
    0x08000186   0x08000186   0x00000004   Code   RO          484    .ARM.Collect$$rtexit$$00000003  c_w.l(rtexit2.o)
    0x0800018a   0x0800018a   0x00000006   Code   RO          485    .ARM.Collect$$rtexit$$00000004  c_w.l(rtexit2.o)
    0x08000190   0x08000190   0x00000040   Code   RO            4    .text               startup_stm32f103xb.o
    0x080001d0   0x080001d0   0x00000028   Code   RO          287    .text               c_w.l(noretval__2sprintf.o)
    0x080001f8   0x080001f8   0x00000068   Code   RO          289    .text               c_w.l(__printf.o)
    0x08000260   0x08000260   0x00000078   Code   RO          291    .text               c_w.l(_printf_dec.o)
    0x080002d8   0x080002d8   0x0000008a   Code   RO          317    .text               c_w.l(rt_memcpy_v6.o)
    0x08000362   0x08000362   0x0000004e   Code   RO          321    .text               c_w.l(rt_memclr_w.o)
    0x080003b0   0x080003b0   0x00000006   Code   RO          323    .text               c_w.l(heapauxi.o)
    0x080003b6   0x080003b6   0x00000016   Code   RO          368    .text               c_w.l(_rserrno.o)
    0x080003cc   0x080003cc   0x000000b2   Code   RO          370    .text               c_w.l(_printf_intcommon.o)
    0x0800047e   0x0800047e   0x00000002   PAD
    0x08000480   0x08000480   0x00000030   Code   RO          372    .text               c_w.l(_printf_char_common.o)
    0x080004b0   0x080004b0   0x0000000a   Code   RO          374    .text               c_w.l(_sputc.o)
    0x080004ba   0x080004ba   0x00000064   Code   RO          377    .text               c_w.l(rt_memcpy_w.o)
    0x0800051e   0x0800051e   0x00000002   PAD
    0x08000520   0x08000520   0x00000008   Code   RO          414    .text               c_w.l(rt_errno_addr_intlibspace.o)
    0x08000528   0x08000528   0x00000008   Code   RO          420    .text               c_w.l(libspace.o)
    0x08000530   0x08000530   0x0000004a   Code   RO          423    .text               c_w.l(sys_stackheap_outer.o)
    0x0800057a   0x0800057a   0x00000012   Code   RO          425    .text               c_w.l(exit.o)
    0x0800058c   0x0800058c   0x0000000c   Code   RO          493    .text               c_w.l(sys_exit.o)
    0x08000598   0x08000598   0x00000002   Code   RO          508    .text               c_w.l(use_no_semi.o)
    0x0800059a   0x0800059a   0x00000000   Code   RO          510    .text               c_w.l(indicate_semi.o)
    0x0800059a   0x0800059a   0x00000002   PAD
    0x0800059c   0x0800059c   0x00000012   Code   RO          188    .text.AFIO_REMAP_SWJ_NOJTAG  rcc.o
    0x080005ae   0x080005ae   0x00000002   PAD
    0x080005b0   0x080005b0   0x00000044   Code   RO          214    .text.Delay         stm32f103c8t6.o
    0x080005f4   0x080005f4   0x00000202   Code   RO          128    .text.GPIO_Init     gpio.o
    0x080007f6   0x080007f6   0x00000002   PAD
    0x080007f8   0x080007f8   0x0000000a   Code   RO          130    .text.GPIO_ReadPin  gpio.o
    0x08000802   0x08000802   0x00000002   PAD
    0x08000804   0x08000804   0x00000010   Code   RO          134    .text.GPIO_TogglePin  gpio.o
    0x08000814   0x08000814   0x0000000a   Code   RO          132    .text.GPIO_WritePin  gpio.o
    0x0800081e   0x0800081e   0x00000002   PAD
    0x08000820   0x08000820   0x0000000c   Code   RO          216    .text.GetTick       stm32f103c8t6.o
    0x0800082c   0x0800082c   0x00000138   Code   RO          156    .text.I2C_Init      i2c.o
    0x08000964   0x08000964   0x0000021e   Code   RO          154    .text.I2C_IsDeviceReady  i2c.o
    0x08000b82   0x08000b82   0x00000002   PAD
    0x08000b84   0x08000b84   0x00000470   Code   RO          162    .text.I2C_Master_Transmit  i2c.o
    0x08000ff4   0x08000ff4   0x0000076a   Code   RO          158    .text.I2C_Mem_Read  i2c.o
    0x0800175e   0x0800175e   0x00000002   PAD
    0x08001760   0x08001760   0x0000043e   Code   RO          160    .text.I2C_Mem_Write  i2c.o
    0x08001b9e   0x08001b9e   0x00000002   PAD
    0x08001ba0   0x08001ba0   0x0000003e   Code   RO          230    .text.I2C_MspInit   stm32f103c8t6.o
    0x08001bde   0x08001bde   0x00000002   PAD
    0x08001be0   0x08001be0   0x000000f0   Code   RO          164    .text.I2C_WaitOnMasterAddressFlagUntilTimeout  i2c.o
    0x08001cd0   0x08001cd0   0x00000072   Code   RO          232    .text.Init          stm32f103c8t6.o
    0x08001d42   0x08001d42   0x00000002   PAD
    0x08001d44   0x08001d44   0x0000004a   Code   RO          222    .text.InitTick      stm32f103c8t6.o
    0x08001d8e   0x08001d8e   0x00000002   PAD
    0x08001d90   0x08001d90   0x00000004   Code   RO           78    .text.KalmanFilter_init  filter.o
    0x08001d94   0x08001d94   0x000000b0   Code   RO           80    .text.KalmanFilter_updateEstimate  filter.o
    0x08001e44   0x08001e44   0x00000096   Code   RO           64    .text.MPU6050_Init  mpu6050.o
    0x08001eda   0x08001eda   0x00000002   PAD
    0x08001edc   0x08001edc   0x00000062   Code   RO           66    .text.MPU6050_Read_Accel  mpu6050.o
    0x08001f3e   0x08001f3e   0x00000002   PAD
    0x08001f40   0x08001f40   0x00000020   Code   RO          184    .text.RCC_AFIO_CLK_ENABLE  rcc.o
    0x08001f60   0x08001f60   0x0000013c   Code   RO          200    .text.RCC_ClockConfig  rcc.o
    0x0800209c   0x0800209c   0x00000020   Code   RO          180    .text.RCC_GPIOA_CLK_ENABLE  rcc.o
    0x080020bc   0x080020bc   0x00000020   Code   RO          178    .text.RCC_GPIOB_CLK_ENABLE  rcc.o
    0x080020dc   0x080020dc   0x00000020   Code   RO          176    .text.RCC_GPIOD_CLK_ENABLE  rcc.o
    0x080020fc   0x080020fc   0x00000026   Code   RO          192    .text.RCC_GetPCLK1Freq  rcc.o
    0x08002122   0x08002122   0x00000002   PAD
    0x08002124   0x08002124   0x00000020   Code   RO          186    .text.RCC_I2C1_CLK_ENABLE  rcc.o
    0x08002144   0x08002144   0x000003ac   Code   RO          198    .text.RCC_OscConfig  rcc.o
    0x080024f0   0x080024f0   0x00000020   Code   RO          182    .text.RCC_TIM2_CLK_ENABLE  rcc.o
    0x08002510   0x08002510   0x0000001a   Code   RO           46    .text.SSD1306_Clear  ssd1306.o
    0x0800252a   0x0800252a   0x00000002   PAD
    0x0800252c   0x0800252c   0x0000000e   Code   RO           40    .text.SSD1306_GotoXY  ssd1306.o
    0x0800253a   0x0800253a   0x00000002   PAD
    0x0800253c   0x0800253c   0x00000302   Code   RO           30    .text.SSD1306_Init  ssd1306.o
    0x0800283e   0x0800283e   0x00000002   PAD
    0x08002840   0x08002840   0x00000102   Code   RO           42    .text.SSD1306_Putc  ssd1306.o
    0x08002942   0x08002942   0x00000002   PAD
    0x08002944   0x08002944   0x00000030   Code   RO           44    .text.SSD1306_Puts  ssd1306.o
    0x08002974   0x08002974   0x000000a0   Code   RO           36    .text.SSD1306_UpdateScreen  ssd1306.o
    0x08002a14   0x08002a14   0x0000001a   Code   RO          224    .text.SysTick_Handler  stm32f103c8t6.o
    0x08002a2e   0x08002a2e   0x00000002   PAD
    0x08002a30   0x08002a30   0x00000002   Code   RO          269    .text.SystemInit    system_stm32f1xx.o
    0x08002a32   0x08002a32   0x00000002   PAD
    0x08002a34   0x08002a34   0x00000020   Code   RO          226    .text.TIM2_IRQHandler  stm32f103c8t6.o
    0x08002a54   0x08002a54   0x0000005a   Code   RO          255    .text.TIM_Base_Init  tim2.o
    0x08002aae   0x08002aae   0x00000002   PAD
    0x08002ab0   0x08002ab0   0x00000018   Code   RO          257    .text.TIM_Base_Start_IT  tim2.o
    0x08002ac8   0x08002ac8   0x00000034   Code   RO          259    .text.TIM_Base_Stop_IT  tim2.o
    0x08002afc   0x08002afc   0x00000016   Code   RO          251    .text.TIM_IRQHandler  tim2.o
    0x08002b12   0x08002b12   0x00000002   PAD
    0x08002b14   0x08002b14   0x00000b3c   Code   RO          102    .text.main          main.o
    0x08003650   0x08003650   0x0000004c   Code   RO          364    i.sqrt              m_ws.l(sqrt.o)
    0x0800369c   0x0800369c   0x00000062   Code   RO          327    x$fpl$d2f           fz_ws.l(d2f.o)
    0x080036fe   0x080036fe   0x00000002   PAD
    0x08003700   0x08003700   0x00000150   Code   RO          329    x$fpl$dadd          fz_ws.l(daddsub_clz.o)
    0x08003850   0x08003850   0x00000018   Code   RO          418    x$fpl$dcmpinf       fz_ws.l(dcmpi.o)
    0x08003868   0x08003868   0x000002b4   Code   RO          338    x$fpl$ddiv          fz_ws.l(ddiv.o)
    0x08003b1c   0x08003b1c   0x00000078   Code   RO          379    x$fpl$deqf          fz_ws.l(deqf.o)
    0x08003b94   0x08003b94   0x0000002e   Code   RO          342    x$fpl$dflt          fz_ws.l(dflt_clz.o)
    0x08003bc2   0x08003bc2   0x00000002   PAD
    0x08003bc4   0x08003bc4   0x00000078   Code   RO          381    x$fpl$dgeqf         fz_ws.l(dgeqf.o)
    0x08003c3c   0x08003c3c   0x00000078   Code   RO          383    x$fpl$dleqf         fz_ws.l(dleqf.o)
    0x08003cb4   0x08003cb4   0x00000154   Code   RO          347    x$fpl$dmul          fz_ws.l(dmul.o)
    0x08003e08   0x08003e08   0x0000009c   Code   RO          385    x$fpl$dnaninf       fz_ws.l(dnaninf.o)
    0x08003ea4   0x08003ea4   0x0000000c   Code   RO          387    x$fpl$dretinf       fz_ws.l(dretinf.o)
    0x08003eb0   0x08003eb0   0x000001cc   Code   RO          389    x$fpl$dsqrt         fz_ws.l(dsqrt_noumaal.o)
    0x0800407c   0x0800407c   0x000001dc   Code   RO          331    x$fpl$dsub          fz_ws.l(daddsub_clz.o)
    0x08004258   0x08004258   0x00000056   Code   RO          349    x$fpl$f2d           fz_ws.l(f2d.o)
    0x080042ae   0x080042ae   0x00000002   PAD
    0x080042b0   0x080042b0   0x000000c4   Code   RO          351    x$fpl$fadd          fz_ws.l(faddsub_clz.o)
    0x08004374   0x08004374   0x00000054   Code   RO          335    x$fpl$fcmp          fz_ws.l(dcmp.o)
    0x080043c8   0x080043c8   0x00000184   Code   RO          358    x$fpl$fdiv          fz_ws.l(fdiv.o)
    0x0800454c   0x0800454c   0x00000102   Code   RO          361    x$fpl$fmul          fz_ws.l(fmul.o)
    0x0800464e   0x0800464e   0x0000008c   Code   RO          391    x$fpl$fnaninf       fz_ws.l(fnaninf.o)
    0x080046da   0x080046da   0x0000000a   Code   RO          393    x$fpl$fretinf       fz_ws.l(fretinf.o)
    0x080046e4   0x080046e4   0x000000ea   Code   RO          353    x$fpl$fsub          fz_ws.l(faddsub_clz.o)
    0x080047ce   0x080047ce   0x00000000   Code   RO          395    x$fpl$usenofp       fz_ws.l(usenofp.o)
    0x080047ce   0x080047ce   0x00000002   Data   RO          203    .rodata..L__const.RCC_GetSysClockFreq.aPredivFactorTable  rcc.o
    0x080047d0   0x080047d0   0x00000010   Data   RO          274    .rodata.AHBPrescTable  system_stm32f1xx.o
    0x080047e0   0x080047e0   0x00000008   Data   RO          275    .rodata.APBPrescTable  system_stm32f1xx.o
    0x080047e8   0x080047e8   0x00000d5c   Data   RO           14    .rodata.Font11x18   fonts.o
    0x08005544   0x08005544   0x0000076c   Data   RO           13    .rodata.Font7x10    fonts.o
    0x08005cb0   0x08005cb0   0x00000010   Data   RO          202    .rodata.cst16       rcc.o
    0x08005cc0   0x08005cc0   0x00000020   Data   RO          566    Region$$Table       anon$$obj.o


    Execution Region RW_IRAM1 (Exec base: 0x20000000, Load base: 0x08005ce0, Size: 0x00000d90, Max: 0x00005000, ABSOLUTE)

    Exec Addr    Load Addr    Size         Type   Attr      Idx    E Section Name        Object

    0x20000000   0x08005ce0   0x00000008   Data   RW           17    .data.Font_11x18    fonts.o
    0x20000008   0x08005ce8   0x00000008   Data   RW           16    .data.Font_7x10     fonts.o
    0x20000010   0x08005cf0   0x00000004   Data   RW          273    .data.SystemCoreClock  system_stm32f1xx.o
    0x20000014   0x08005cf4   0x00000001   Data   RW          235    .data.uwTickFreq    stm32f103c8t6.o
    0x20000015   0x08005cf5   0x00000003   PAD
    0x20000018   0x08005cf8   0x00000004   Data   RW          234    .data.uwTickPrio    stm32f103c8t6.o
    0x2000001c   0x08005cfc   0x00000004   PAD
    0x20000020        -       0x00000060   Zero   RW          421    .bss                c_w.l(libspace.o)
    0x20000080        -       0x00000004   Zero   RW           55    .bss..L_MergedGlobals  ssd1306.o
    0x20000084   0x08005cfc   0x00000004   PAD
    0x20000088        -       0x00000070   Zero   RW          118    .bss..L_MergedGlobals  main.o
    0x200000f8        -       0x00000058   Zero   RW          119    .bss..L_MergedGlobals.8  main.o
    0x20000150        -       0x00000400   Zero   RW           54    .bss.SSD1306_Buffer  ssd1306.o
    0x20000550        -       0x00000058   Zero   RW          110    .bss.hi2c1          main.o
    0x200005a8        -       0x00000078   Zero   RW          114    .bss.magnitude      main.o
    0x20000620        -       0x00000004   Zero   RW          236    .bss.uwTick         stm32f103c8t6.o
    0x20000624   0x08005cfc   0x00000004   PAD
    0x20000628        -       0x00000078   Zero   RW          111    .bss.x_final        main.o
    0x200006a0        -       0x00000078   Zero   RW          112    .bss.y_final        main.o
    0x20000718        -       0x00000078   Zero   RW          113    .bss.z_final        main.o
    0x20000790        -       0x00000200   Zero   RW            2    HEAP                startup_stm32f103xb.o
    0x20000990        -       0x00000400   Zero   RW            1    STACK               startup_stm32f103xb.o


==============================================================================

Image component sizes


      Code (inc. data)   RO Data    RW Data    ZI Data      Debug   Object Name

       180          0          0          0          0       1162   filter.o
         0          0       5320         16          0       1268   fonts.o
       550         22          0          0          0       2979   gpio.o
      5214          0          0          0          0      31954   i2c.o
      2876        120          0          0        768      14572   main.o
       248          0          0          0          0       4071   mpu6050.o
      1504          0         18          0          0       6803   rcc.o
      1276          0          0          0       1028      10415   ssd1306.o
        64         26        236          0       1536        784   startup_stm32f103xb.o
       388          0          0          5          4       9821   stm32f103c8t6.o
         2          0         24          4          0       1628   system_stm32f1xx.o
       188          0          0          0          0       5448   tim2.o

    ----------------------------------------------------------------------
     12532        168       5630         28       3348      90905   Object Totals
         0          0         32          0          0          0   (incl. Generated)
        42          0          0          3         12          0   (incl. Padding)

    ----------------------------------------------------------------------

      Code (inc. data)   RO Data    RW Data    ZI Data      Debug   Library Member Name

         8          0          0          0          0         68   __main.o
       104          0          0          0          0         84   __printf.o
         0          0          0          0          0          0   __rtentry.o
        12          0          0          0          0          0   __rtentry2.o
         6          0          0          0          0          0   __rtentry4.o
        52          8          0          0          0          0   __scatter.o
        26          0          0          0          0          0   __scatter_copy.o
        28          0          0          0          0          0   __scatter_zi.o
        48          6          0          0          0         96   _printf_char_common.o
         6          0          0          0          0          0   _printf_d.o
       120         16          0          0          0         92   _printf_dec.o
       178          0          0          0          0         88   _printf_intcommon.o
         0          0          0          0          0          0   _printf_percent.o
         4          0          0          0          0          0   _printf_percent_end.o
        22          0          0          0          0        100   _rserrno.o
        10          0          0          0          0         68   _sputc.o
        18          0          0          0          0         80   exit.o
         6          0          0          0          0        152   heapauxi.o
         0          0          0          0          0          0   indicate_semi.o
         2          0          0          0          0          0   libinit.o
         2          0          0          0          0          0   libinit2.o
         2          0          0          0          0          0   libshutdown.o
         2          0          0          0          0          0   libshutdown2.o
         8          4          0          0         96         68   libspace.o
        40          6          0          0          0         84   noretval__2sprintf.o
         8          4          0          0          0         68   rt_errno_addr_intlibspace.o
        78          0          0          0          0         80   rt_memclr_w.o
       138          0          0          0          0         68   rt_memcpy_v6.o
       100          0          0          0          0         80   rt_memcpy_w.o
         2          0          0          0          0          0   rtexit.o
        10          0          0          0          0          0   rtexit2.o
        12          4          0          0          0         68   sys_exit.o
        74          0          0          0          0         80   sys_stackheap_outer.o
         2          0          0          0          0         68   use_no_semi.o
        98          4          0          0          0         92   d2f.o
       812         16          0          0          0        296   daddsub_clz.o
        84          0          0          0          0        196   dcmp.o
        24          0          0          0          0         68   dcmpi.o
       692        140          0          0          0        216   ddiv.o
       120          4          0          0          0         92   deqf.o
        46          0          0          0          0         68   dflt_clz.o
       120          4          0          0          0         92   dgeqf.o
       120          4          0          0          0         92   dleqf.o
       340         12          0          0          0        104   dmul.o
       156          4          0          0          0         92   dnaninf.o
        12          0          0          0          0         68   dretinf.o
       460         56          0          0          0        120   dsqrt_noumaal.o
        86          4          0          0          0         84   f2d.o
       430          8          0          0          0        168   faddsub_clz.o
       388         76          0          0          0         96   fdiv.o
       258          4          0          0          0         84   fmul.o
       140          4          0          0          0         84   fnaninf.o
        10          0          0          0          0         68   fretinf.o
         0          0          0          0          0          0   usenofp.o
        76          0          0          0          0         84   sqrt.o

    ----------------------------------------------------------------------
      5614        388          0          0         96       3756   Library Totals
        14          0          0          0          0          0   (incl. Padding)

    ----------------------------------------------------------------------

      Code (inc. data)   RO Data    RW Data    ZI Data      Debug   Library Name

      1128         48          0          0         96       1492   c_w.l
      4396        340          0          0          0       2180   fz_ws.l
        76          0          0          0          0         84   m_ws.l

    ----------------------------------------------------------------------
      5614        388          0          0         96       3756   Library Totals

    ----------------------------------------------------------------------

==============================================================================


      Code (inc. data)   RO Data    RW Data    ZI Data      Debug   

     18146        556       5630         28       3444      92657   Grand Totals
     18146        556       5630         28       3444      92657   ELF Image Totals
     18146        556       5630         28          0          0   ROM Totals

==============================================================================

    Total RO  Size (Code + RO Data)                23776 (  23.22kB)
    Total RW  Size (RW Data + ZI Data)              3472 (   3.39kB)
    Total ROM Size (Code + RO Data + RW Data)      23804 (  23.25kB)

==============================================================================

